Component: ARM Compiler 5.06 update 6 (build 750) Tool: armlink [4d35ed]

==============================================================================

Section Cross References

    startup_stm32f103xb.o(RESET) refers to startup_stm32f103xb.o(STACK) for __initial_sp
    startup_stm32f103xb.o(RESET) refers to startup_stm32f103xb.o(.text) for Reset_Handler
    startup_stm32f103xb.o(RESET) refers to stm32f1xx_it.o(i.NMI_Handler) for NMI_Handler
    startup_stm32f103xb.o(RESET) refers to stm32f1xx_it.o(i.HardFault_Handler) for HardFault_Handler
    startup_stm32f103xb.o(RESET) refers to stm32f1xx_it.o(i.MemManage_Handler) for MemManage_Handler
    startup_stm32f103xb.o(RESET) refers to stm32f1xx_it.o(i.BusFault_Handler) for BusFault_Handler
    startup_stm32f103xb.o(RESET) refers to stm32f1xx_it.o(i.UsageFault_Handler) for UsageFault_Handler
    startup_stm32f103xb.o(RESET) refers to stm32f1xx_it.o(i.SVC_Handler) for SVC_Handler
    startup_stm32f103xb.o(RESET) refers to stm32f1xx_it.o(i.DebugMon_Handler) for DebugMon_Handler
    startup_stm32f103xb.o(RESET) refers to stm32f1xx_it.o(i.PendSV_Handler) for PendSV_Handler
    startup_stm32f103xb.o(RESET) refers to stm32f1xx_it.o(i.SysTick_Handler) for SysTick_Handler
    startup_stm32f103xb.o(RESET) refers to stm32f1xx_it.o(i.RTC_IRQHandler) for RTC_IRQHandler
    startup_stm32f103xb.o(RESET) refers to stm32f1xx_it.o(i.RCC_IRQHandler) for RCC_IRQHandler
    startup_stm32f103xb.o(RESET) refers to stm32f1xx_it.o(i.DMA1_Channel2_IRQHandler) for DMA1_Channel2_IRQHandler
    startup_stm32f103xb.o(RESET) refers to stm32f1xx_it.o(i.DMA1_Channel3_IRQHandler) for DMA1_Channel3_IRQHandler
    startup_stm32f103xb.o(RESET) refers to stm32f1xx_it.o(i.DMA1_Channel4_IRQHandler) for DMA1_Channel4_IRQHandler
    startup_stm32f103xb.o(RESET) refers to stm32f1xx_it.o(i.DMA1_Channel5_IRQHandler) for DMA1_Channel5_IRQHandler
    startup_stm32f103xb.o(RESET) refers to stm32f1xx_it.o(i.DMA1_Channel6_IRQHandler) for DMA1_Channel6_IRQHandler
    startup_stm32f103xb.o(RESET) refers to stm32f1xx_it.o(i.DMA1_Channel7_IRQHandler) for DMA1_Channel7_IRQHandler
    startup_stm32f103xb.o(RESET) refers to stm32f1xx_it.o(i.TIM3_IRQHandler) for TIM3_IRQHandler
    startup_stm32f103xb.o(RESET) refers to stm32f1xx_it.o(i.USART1_IRQHandler) for USART1_IRQHandler
    startup_stm32f103xb.o(RESET) refers to stm32f1xx_it.o(i.USART2_IRQHandler) for USART2_IRQHandler
    startup_stm32f103xb.o(RESET) refers to stm32f1xx_it.o(i.USART3_IRQHandler) for USART3_IRQHandler
    startup_stm32f103xb.o(.text) refers to system_stm32f1xx.o(i.SystemInit) for SystemInit
    startup_stm32f103xb.o(.text) refers to entry.o(.ARM.Collect$$$$00000000) for __main
    main.o(i.SystemClock_Config) refers to memseta.o(.text) for __aeabi_memclr4
    main.o(i.SystemClock_Config) refers to stm32f1xx_hal_rcc.o(i.HAL_RCC_OscConfig) for HAL_RCC_OscConfig
    main.o(i.SystemClock_Config) refers to stm32f1xx_hal_rcc.o(i.HAL_RCC_ClockConfig) for HAL_RCC_ClockConfig
    main.o(i.SystemClock_Config) refers to stm32f1xx_hal_rcc_ex.o(i.HAL_RCCEx_PeriphCLKConfig) for HAL_RCCEx_PeriphCLKConfig
    main.o(i.main) refers to stm32f1xx_hal.o(i.HAL_Init) for HAL_Init
    main.o(i.main) refers to main.o(i.SystemClock_Config) for SystemClock_Config
    main.o(i.main) refers to gpio.o(i.MX_GPIO_Init) for MX_GPIO_Init
    main.o(i.main) refers to dma.o(i.MX_DMA_Init) for MX_DMA_Init
    main.o(i.main) refers to tim.o(i.MX_TIM3_Init) for MX_TIM3_Init
    main.o(i.main) refers to usart.o(i.MX_USART1_UART_Init) for MX_USART1_UART_Init
    main.o(i.main) refers to usart.o(i.MX_USART2_UART_Init) for MX_USART2_UART_Init
    main.o(i.main) refers to usart.o(i.MX_USART3_UART_Init) for MX_USART3_UART_Init
    main.o(i.main) refers to spi.o(i.MX_SPI1_Init) for MX_SPI1_Init
    main.o(i.main) refers to fatfs.o(i.MX_FATFS_Init) for MX_FATFS_Init
    main.o(i.main) refers to rtc.o(i.MX_RTC_Init) for MX_RTC_Init
    main.o(i.main) refers to stm32f1xx_hal.o(i.HAL_Delay) for HAL_Delay
    main.o(i.main) refers to user.o(i.SDCardLogInit) for SDCardLogInit
    main.o(i.main) refers to user.o(i.Logging) for Logging
    main.o(i.main) refers to stm32f1xx_hal_uart.o(i.HAL_UART_Receive_DMA) for HAL_UART_Receive_DMA
    main.o(i.main) refers to stm32f1xx_hal_gpio.o(i.HAL_GPIO_WritePin) for HAL_GPIO_WritePin
    main.o(i.main) refers to user.o(i.Read_Lora_ID) for Read_Lora_ID
    main.o(i.main) refers to printf8.o(i.__0printf$8) for __2printf
    main.o(i.main) refers to printf8.o(i.__0sprintf$8) for __2sprintf
    main.o(i.main) refers to stm32f1xx_hal_tim.o(i.HAL_TIM_Base_Start_IT) for HAL_TIM_Base_Start_IT
    main.o(i.main) refers to user.o(i.UserLoop) for UserLoop
    main.o(i.main) refers to rtc.o(.bss) for hrtc
    main.o(i.main) refers to usart.o(.bss) for huart1
    main.o(i.main) refers to user.o(.data) for Forward
    main.o(i.main) refers to tim.o(.bss) for htim3
    gpio.o(i.MX_GPIO_Init) refers to stm32f1xx_hal_gpio.o(i.HAL_GPIO_WritePin) for HAL_GPIO_WritePin
[...]
    i.HAL_TIM_IC_CaptureCallback             0x08001a36   Section        0  stm32f1xx_hal_tim.o(i.HAL_TIM_IC_CaptureCallback)
    i.HAL_TIM_IRQHandler                     0x08001a38   Section        0  stm32f1xx_hal_tim.o(i.HAL_TIM_IRQHandler)
    i.HAL_TIM_OC_DelayElapsedCallback        0x08001b9e   Section        0  stm32f1xx_hal_tim.o(i.HAL_TIM_OC_DelayElapsedCallback)
    i.HAL_TIM_PWM_PulseFinishedCallback      0x08001ba0   Section        0  stm32f1xx_hal_tim.o(i.HAL_TIM_PWM_PulseFinishedCallback)
    i.HAL_TIM_PeriodElapsedCallback          0x08001ba4   Section        0  user.o(i.HAL_TIM_PeriodElapsedCallback)
    i.HAL_TIM_TriggerCallback                0x08001bb8   Section        0  stm32f1xx_hal_tim.o(i.HAL_TIM_TriggerCallback)
    i.HAL_UARTEx_RxEventCallback             0x08001bba   Section        0  stm32f1xx_hal_uart.o(i.HAL_UARTEx_RxEventCallback)
    i.HAL_UART_DMAStop                       0x08001bbc   Section        0  stm32f1xx_hal_uart.o(i.HAL_UART_DMAStop)
    i.HAL_UART_ErrorCallback                 0x08001c14   Section        0  stm32f1xx_hal_uart.o(i.HAL_UART_ErrorCallback)
    i.HAL_UART_IRQHandler                    0x08001c18   Section        0  stm32f1xx_hal_uart.o(i.HAL_UART_IRQHandler)
    i.HAL_UART_Init                          0x08001e24   Section        0  stm32f1xx_hal_uart.o(i.HAL_UART_Init)
    i.HAL_UART_MspInit                       0x08001e88   Section        0  usart.o(i.HAL_UART_MspInit)
    i.HAL_UART_Receive_DMA                   0x08002118   Section        0  stm32f1xx_hal_uart.o(i.HAL_UART_Receive_DMA)
    i.HAL_UART_RxCpltCallback                0x08002142   Section        0  stm32f1xx_hal_uart.o(i.HAL_UART_RxCpltCallback)
    i.HAL_UART_RxHalfCpltCallback            0x08002144   Section        0  stm32f1xx_hal_uart.o(i.HAL_UART_RxHalfCpltCallback)
    i.HAL_UART_Transmit                      0x08002148   Section        0  stm32f1xx_hal_uart.o(i.HAL_UART_Transmit)
    i.HAL_UART_Transmit_DMA                  0x080021fc   Section        0  stm32f1xx_hal_uart.o(i.HAL_UART_Transmit_DMA)
    i.HAL_UART_TxCpltCallback                0x0800227c   Section        0  stm32f1xx_hal_uart.o(i.HAL_UART_TxCpltCallback)
    i.HAL_UART_TxHalfCpltCallback            0x0800227e   Section        0  stm32f1xx_hal_uart.o(i.HAL_UART_TxHalfCpltCallback)
    i.HardFault_Handler                      0x08002280   Section        0  stm32f1xx_it.o(i.HardFault_Handler)
    i.LEDStatus                              0x08002284   Section        0  user.o(i.LEDStatus)
    i.Logging                                0x0800231c   Section        0  user.o(i.Logging)
    i.MX_DMA_Init                            0x08002320   Section        0  dma.o(i.MX_DMA_Init)
    i.MX_FATFS_Init                          0x0800239c   Section        0  fatfs.o(i.MX_FATFS_Init)
    i.MX_GPIO_Init                           0x080023b8   Section        0  gpio.o(i.MX_GPIO_Init)
    i.MX_RTC_Init                            0x08002464   Section        0  rtc.o(i.MX_RTC_Init)
    i.MX_SPI1_Init                           0x080024fc   Section        0  spi.o(i.MX_SPI1_Init)
    i.MX_TIM3_Init                           0x08002544   Section        0  tim.o(i.MX_TIM3_Init)
    i.MX_USART1_UART_Init                    0x080025ac   Section        0  usart.o(i.MX_USART1_UART_Init)
    i.MX_USART2_UART_Init                    0x080025e4   Section        0  usart.o(i.MX_USART2_UART_Init)
    i.MX_USART3_UART_Init                    0x0800261c   Section        0  usart.o(i.MX_USART3_UART_Init)
    i.MemManage_Handler                      0x08002654   Section        0  stm32f1xx_it.o(i.MemManage_Handler)
    i.NMI_Handler                            0x08002656   Section        0  stm32f1xx_it.o(i.NMI_Handler)
    i.PendSV_Handler                         0x08002658   Section        0  stm32f1xx_it.o(i.PendSV_Handler)
    i.RCC_IRQHandler                         0x0800265a   Section        0  stm32f1xx_it.o(i.RCC_IRQHandler)
    i.RTC_Bcd2ToByte                         0x0800265c   Section        0  stm32f1xx_hal_rtc.o(i.RTC_Bcd2ToByte)
    RTC_Bcd2ToByte                           0x0800265d   Thumb Code    18  stm32f1xx_hal_rtc.o(i.RTC_Bcd2ToByte)
    i.RTC_ByteToBcd2                         0x0800266e   Section        0  stm32f1xx_hal_rtc.o(i.RTC_ByteToBcd2)
    RTC_ByteToBcd2                           0x0800266f   Thumb Code    22  stm32f1xx_hal_rtc.o(i.RTC_ByteToBcd2)
    i.RTC_DateUpdate                         0x08002684   Section        0  stm32f1xx_hal_rtc.o(i.RTC_DateUpdate)
    RTC_DateUpdate                           0x08002685   Thumb Code   174  stm32f1xx_hal_rtc.o(i.RTC_DateUpdate)
    i.RTC_EnterInitMode                      0x08002732   Section        0  stm32f1xx_hal_rtc.o(i.RTC_EnterInitMode)
    RTC_EnterInitMode                        0x08002733   Thumb Code    52  stm32f1xx_hal_rtc.o(i.RTC_EnterInitMode)
    i.RTC_ExitInitMode                       0x08002768   Section        0  stm32f1xx_hal_rtc.o(i.RTC_ExitInitMode)
    RTC_ExitInitMode                         0x08002769   Thumb Code    54  stm32f1xx_hal_rtc.o(i.RTC_ExitInitMode)
    i.RTC_IRQHandler                         0x080027a0   Section        0  stm32f1xx_it.o(i.RTC_IRQHandler)
    i.RTC_ReadAlarmCounter                   0x080027ac   Section        0  stm32f1xx_hal_rtc.o(i.RTC_ReadAlarmCounter)
    RTC_ReadAlarmCounter                     0x080027ad   Thumb Code    14  stm32f1xx_hal_rtc.o(i.RTC_ReadAlarmCounter)
    i.RTC_ReadTimeCounter                    0x080027ba   Section        0  stm32f1xx_hal_rtc.o(i.RTC_ReadTimeCounter)
    RTC_ReadTimeCounter                      0x080027bb   Thumb Code    32  stm32f1xx_hal_rtc.o(i.RTC_ReadTimeCounter)
    i.RTC_WeekDayNum                         0x080027da   Section        0  stm32f1xx_hal_rtc.o(i.RTC_WeekDayNum)
    RTC_WeekDayNum                           0x080027db   Thumb Code    86  stm32f1xx_hal_rtc.o(i.RTC_WeekDayNum)
    i.RTC_WriteAlarmCounter                  0x08002830   Section        0  stm32f1xx_hal_rtc.o(i.RTC_WriteAlarmCounter)
    RTC_WriteAlarmCounter                    0x08002831   Thumb Code    40  stm32f1xx_hal_rtc.o(i.RTC_WriteAlarmCounter)
    i.RTC_WriteTimeCounter                   0x08002858   Section        0  stm32f1xx_hal_rtc.o(i.RTC_WriteTimeCounter)
    RTC_WriteTimeCounter                     0x08002859   Thumb Code    40  stm32f1xx_hal_rtc.o(i.RTC_WriteTimeCounter)
    i.Read_Lora_ID                           0x08002880   Section        0  user.o(i.Read_Lora_ID)
    i.SDCardLogInit                          0x080028e0   Section        0  user.o(i.SDCardLogInit)
    i.SD_CS                                  0x08002a74   Section        0  sddriver.o(i.SD_CS)
    i.SD_GETCSD                              0x08002a8c   Section        0  sddriver.o(i.SD_GETCSD)
    i.SD_GetSectorCount                      0x08002aba   Section        0  sddriver.o(i.SD_GetSectorCount)
    i.SD_ReadDisk                            0x08002b28   Section        0  sddriver.o(i.SD_ReadDisk)
    i.SD_ReceiveData                         0x08002b98   Section        0  sddriver.o(i.SD_ReceiveData)
    i.SD_SendBlock                           0x08002bd8   Section        0  sddriver.o(i.SD_SendBlock)
    i.SD_Write                               0x08002c34   Section        0  user.o(i.SD_Write)
    i.SD_WriteDisk                           0x08002c70   Section        0  sddriver.o(i.SD_WriteDisk)
    i.SD_init                                0x08002cf8   Section        0  sddriver.o(i.SD_init)
    i.SD_sendcmd                             0x08002e54   Section        0  sddriver.o(i.SD_sendcmd)
    i.SPI_EndRxTxTransaction                 0x08002edc   Section        0  stm32f1xx_hal_spi.o(i.SPI_EndRxTxTransaction)
    SPI_EndRxTxTransaction                   0x08002edd   Thumb Code    32  stm32f1xx_hal_spi.o(i.SPI_EndRxTxTransaction)
    i.SPI_WaitFlagStateUntilTimeout          0x08002efc   Section        0  stm32f1xx_hal_spi.o(i.SPI_WaitFlagStateUntilTimeout)
    SPI_WaitFlagStateUntilTimeout            0x08002efd   Thumb Code   180  stm32f1xx_hal_spi.o(i.SPI_WaitFlagStateUntilTimeout)
    i.SPI_setspeed                           0x08002fb4   Section        0  sddriver.o(i.SPI_setspeed)
    i.SVC_Handler                            0x08002fe8   Section        0  stm32f1xx_it.o(i.SVC_Handler)
    i.SysTick_Handler                        0x08002fea   Section        0  stm32f1xx_it.o(i.SysTick_Handler)
    i.SystemClock_Config                     0x08002fee   Section        0  main.o(i.SystemClock_Config)
    i.SystemInit                             0x0800306e   Section        0  system_stm32f1xx.o(i.SystemInit)
    i.TIM3_IRQHandler                        0x08003070   Section        0  stm32f1xx_it.o(i.TIM3_IRQHandler)
    i.TIM_Base_SetConfig                     0x0800307c   Section        0  stm32f1xx_hal_tim.o(i.TIM_Base_SetConfig)
    i.TIM_ETR_SetConfig                      0x080030e8   Section        0  stm32f1xx_hal_tim.o(i.TIM_ETR_SetConfig)
    i.TIM_ITRx_SetConfig                     0x080030fc   Section        0  stm32f1xx_hal_tim.o(i.TIM_ITRx_SetConfig)
    TIM_ITRx_SetConfig                       0x080030fd   Thumb Code    16  stm32f1xx_hal_tim.o(i.TIM_ITRx_SetConfig)
    i.TIM_TI1_ConfigInputStage               0x0800310c   Section        0  stm32f1xx_hal_tim.o(i.TIM_TI1_ConfigInputStage)
    TIM_TI1_ConfigInputStage                 0x0800310d   Thumb Code    34  stm32f1xx_hal_tim.o(i.TIM_TI1_ConfigInputStage)
    i.TIM_TI2_ConfigInputStage               0x0800312e   Section        0  stm32f1xx_hal_tim.o(i.TIM_TI2_ConfigInputStage)
    TIM_TI2_ConfigInputStage                 0x0800312f   Thumb Code    36  stm32f1xx_hal_tim.o(i.TIM_TI2_ConfigInputStage)
    i.UART_DMAAbortOnError                   0x08003152   Section        0  stm32f1xx_hal_uart.o(i.UART_DMAAbortOnError)
    UART_DMAAbortOnError                     0x08003153   Thumb Code    16  stm32f1xx_hal_uart.o(i.UART_DMAAbortOnError)
    i.UART_DMAError                          0x08003162   Section        0  stm32f1xx_hal_uart.o(i.UART_DMAError)
    UART_DMAError                            0x08003163   Thumb Code    74  stm32f1xx_hal_uart.o(i.UART_DMAError)
    i.UART_DMAReceiveCplt                    0x080031ac   Section        0  stm32f1xx_hal_uart.o(i.UART_DMAReceiveCplt)
    UART_DMAReceiveCplt                      0x080031ad   Thumb Code    90  stm32f1xx_hal_uart.o(i.UART_DMAReceiveCplt)
    i.UART_DMARxHalfCplt                     0x08003206   Section        0  stm32f1xx_hal_uart.o(i.UART_DMARxHalfCplt)
    UART_DMARxHalfCplt                       0x08003207   Thumb Code    26  stm32f1xx_hal_uart.o(i.UART_DMARxHalfCplt)
    i.UART_DMATransmitCplt                   0x08003220   Section        0  stm32f1xx_hal_uart.o(i.UART_DMATransmitCplt)
    UART_DMATransmitCplt                     0x08003221   Thumb Code    46  stm32f1xx_hal_uart.o(i.UART_DMATransmitCplt)
    i.UART_DMATxHalfCplt                     0x0800324e   Section        0  stm32f1xx_hal_uart.o(i.UART_DMATxHalfCplt)
    UART_DMATxHalfCplt                       0x0800324f   Thumb Code    10  stm32f1xx_hal_uart.o(i.UART_DMATxHalfCplt)
    i.UART_EndRxTransfer                     0x08003258   Section        0  stm32f1xx_hal_uart.o(i.UART_EndRxTransfer)
    UART_EndRxTransfer                       0x08003259   Thumb Code    48  stm32f1xx_hal_uart.o(i.UART_EndRxTransfer)
    i.UART_EndTxTransfer                     0x08003288   Section        0  stm32f1xx_hal_uart.o(i.UART_EndTxTransfer)
    UART_EndTxTransfer                       0x08003289   Thumb Code    18  stm32f1xx_hal_uart.o(i.UART_EndTxTransfer)
    i.UART_Receive_IT                        0x0800329a   Section        0  stm32f1xx_hal_uart.o(i.UART_Receive_IT)
    UART_Receive_IT                          0x0800329b   Thumb Code   182  stm32f1xx_hal_uart.o(i.UART_Receive_IT)
    i.UART_SetConfig                         0x08003350   Section        0  stm32f1xx_hal_uart.o(i.UART_SetConfig)
    UART_SetConfig                           0x08003351   Thumb Code   178  stm32f1xx_hal_uart.o(i.UART_SetConfig)
    i.UART_Start_Receive_DMA                 0x08003408   Section        0  stm32f1xx_hal_uart.o(i.UART_Start_Receive_DMA)
    i.UART_WaitOnFlagUntilTimeout            0x08003478   Section        0  stm32f1xx_hal_uart.o(i.UART_WaitOnFlagUntilTimeout)
    UART_WaitOnFlagUntilTimeout              0x08003479   Thumb Code   100  stm32f1xx_hal_uart.o(i.UART_WaitOnFlagUntilTimeout)
    i.USAR2_Pack_Transmit                    0x080034dc   Section        0  user.o(i.USAR2_Pack_Transmit)
    i.USAR2_Transmit                         0x0800354c   Section        0  user.o(i.USAR2_Transmit)
    i.USAR3_Transmit                         0x080035d0   Section        0  user.o(i.USAR3_Transmit)
    i.USART1_IRQHandler                      0x080035e4   Section        0  stm32f1xx_it.o(i.USART1_IRQHandler)
    i.USART2_IRQHandler                      0x08003644   Section        0  stm32f1xx_it.o(i.USART2_IRQHandler)
    i.USART2_Rx_Analysis                     0x080036ac   Section        0  user.o(i.USART2_Rx_Analysis)
    i.USART3_IRQHandler                      0x080037c0   Section        0  stm32f1xx_it.o(i.USART3_IRQHandler)
    i.USART3_Rx_Analysis                     0x08003808   Section        0  user.o(i.USART3_Rx_Analysis)
    i.USER_initialize                        0x08003828   Section        0  user_diskio.o(i.USER_initialize)
    i.USER_ioctl                             0x08003848   Section        0  user_diskio.o(i.USER_ioctl)
    i.USER_read                              0x08003896   Section        0  user_diskio.o(i.USER_read)
    i.USER_status                            0x080038b8   Section        0  user_diskio.o(i.USER_status)
    i.USER_write                             0x080038cc   Section        0  user_diskio.o(i.USER_write)
    i.UsageFault_Handler                     0x080038ee   Section        0  stm32f1xx_it.o(i.UsageFault_Handler)
    i.UserLoop                               0x080038f0   Section        0  user.o(i.UserLoop)
    i.__0printf$8                            0x08003a94   Section        0  printf8.o(i.__0printf$8)
    i.__0sprintf$8                           0x08003ab4   Section        0  printf8.o(i.__0sprintf$8)
    i.__NVIC_SetPriority                     0x08003adc   Section        0  stm32f1xx_hal_cortex.o(i.__NVIC_SetPriority)
    __NVIC_SetPriority                       0x08003add   Thumb Code    32  stm32f1xx_hal_cortex.o(i.__NVIC_SetPriority)
    i.__scatterload_copy                     0x08003afc   Section       14  handlers.o(i.__scatterload_copy)
    i.__scatterload_null                     0x08003b0a   Section        2  handlers.o(i.__scatterload_null)
    i.__scatterload_zeroinit                 0x08003b0c   Section       14  handlers.o(i.__scatterload_zeroinit)
    i._printf_core                           0x08003b1c   Section        0  printf8.o(i._printf_core)
    _printf_core                             0x08003b1d   Thumb Code   996  printf8.o(i._printf_core)
    i._printf_post_padding                   0x08003f2c   Section        0  printf8.o(i._printf_post_padding)
    _printf_post_padding                     0x08003f2d   Thumb Code    36  printf8.o(i._printf_post_padding)
    i._printf_pre_padding                    0x08003f50   Section        0  printf8.o(i._printf_pre_padding)
    _printf_pre_padding                      0x08003f51   Thumb Code    46  printf8.o(i._printf_pre_padding)
    i._sputc                                 0x08003f7e   Section        0  printf8.o(i._sputc)
    _sputc                                   0x08003f7f   Thumb Code    10  printf8.o(i._sputc)
    i.check_fs                               0x08003f88   Section        0  ff.o(i.check_fs)
    check_fs                                 0x08003f89   Thumb Code    90  ff.o(i.check_fs)
    i.chk_chr                                0x08003fe8   Section        0  ff.o(i.chk_chr)
    chk_chr                                  0x08003fe9   Thumb Code    16  ff.o(i.chk_chr)
    i.chk_lock                               0x08003ff8   Section        0  ff.o(i.chk_lock)
    chk_lock                                 0x08003ff9   Thumb Code   102  ff.o(i.chk_lock)
    i.clear_lock                             0x08004064   Section        0  ff.o(i.clear_lock)
    clear_lock                               0x08004065   Thumb Code    32  ff.o(i.clear_lock)
    i.clmt_clust                             0x08004088   Section        0  ff.o(i.clmt_clust)
    clmt_clust                               0x08004089   Thumb Code    42  ff.o(i.clmt_clust)
    i.clust2sect                             0x080040b2   Section        0  ff.o(i.clust2sect)
    i.create_chain                           0x080040d0   Section        0  ff.o(i.create_chain)
    create_chain                             0x080040d1   Thumb Code   176  ff.o(i.create_chain)
    i.create_name                            0x08004180   Section        0  ff.o(i.create_name)
    create_name                              0x08004181   Thumb Code   492  ff.o(i.create_name)
    i.dir_find                               0x08004384   Section        0  ff.o(i.dir_find)
    dir_find                                 0x08004385   Thumb Code   320  ff.o(i.dir_find)
    i.dir_next                               0x080044c8   Section        0  ff.o(i.dir_next)
    dir_next                                 0x080044c9   Thumb Code   286  ff.o(i.dir_next)
    i.dir_register                           0x080045e8   Section        0  ff.o(i.dir_register)
    dir_register                             0x080045e9   Thumb Code   460  ff.o(i.dir_register)
    i.dir_sdi                                0x080047b8   Section        0  ff.o(i.dir_sdi)
    dir_sdi                                  0x080047b9   Thumb Code   152  ff.o(i.dir_sdi)
    i.disk_initialize                        0x08004850   Section        0  diskio.o(i.disk_initialize)
    i.disk_ioctl                             0x08004878   Section        0  diskio.o(i.disk_ioctl)
    i.disk_read                              0x08004894   Section        0  diskio.o(i.disk_read)
    i.disk_status                            0x080048b0   Section        0  diskio.o(i.disk_status)
    i.disk_write                             0x080048c8   Section        0  diskio.o(i.disk_write)
    i.f_lseek                                0x080048e4   Section        0  ff.o(i.f_lseek)
    i.f_mount                                0x08004b68   Section        0  ff.o(i.f_mount)
    i.f_open                                 0x08004bc4   Section        0  ff.o(i.f_open)
    i.f_sync                                 0x08004d70   Section        0  ff.o(i.f_sync)
    i.f_write                                0x08004e28   Section        0  ff.o(i.f_write)
    i.ff_convert                             0x08005000   Section        0  ccsbcs.o(i.ff_convert)
    i.ff_wtoupper                            0x08005038   Section        0  ccsbcs.o(i.ff_wtoupper)
    i.find_volume                            0x0800505c   Section        0  ff.o(i.find_volume)
    find_volume                              0x0800505d   Thumb Code   588  ff.o(i.find_volume)
    i.follow_path                            0x080052b4   Section        0  ff.o(i.follow_path)
    follow_path                              0x080052b5   Thumb Code   114  ff.o(i.follow_path)
    i.fputc                                  0x08005328   Section        0  usart.o(i.fputc)
    i.free                                   0x08005340   Section        0  malloc.o(i.free)
    i.gen_numname                            0x08005390   Section        0  ff.o(i.gen_numname)
    gen_numname                              0x08005391   Thumb Code   122  ff.o(i.gen_numname)
    i.get_fat                                0x08005410   Section        0  ff.o(i.get_fat)
    i.get_fattime                            0x080054d2   Section        0  fatfs.o(i.get_fattime)
    i.get_ldnumber                           0x080054d6   Section        0  ff.o(i.get_ldnumber)
    get_ldnumber                             0x080054d7   Thumb Code    60  ff.o(i.get_ldnumber)
    i.inc_lock                               0x08005514   Section        0  ff.o(i.inc_lock)
    inc_lock                                 0x08005515   Thumb Code   154  ff.o(i.inc_lock)
    i.ld_clust                               0x080055b4   Section        0  ff.o(i.ld_clust)
    ld_clust                                 0x080055b5   Thumb Code    20  ff.o(i.ld_clust)
    i.main                                   0x080055c8   Section        0  main.o(i.main)
    i.malloc                                 0x08005768   Section        0  malloc.o(i.malloc)
    i.mem_cpy                                0x080057d4   Section        0  ff.o(i.mem_cpy)
    mem_cpy                                  0x080057d5   Thumb Code    18  ff.o(i.mem_cpy)
    i.mem_set                                0x080057e6   Section        0  ff.o(i.mem_set)
    mem_set                                  0x080057e7   Thumb Code    14  ff.o(i.mem_set)
    i.move_window                            0x080057f4   Section        0  ff.o(i.move_window)
    move_window                              0x080057f5   Thumb Code    54  ff.o(i.move_window)
    i.put_fat                                0x0800582a   Section        0  ff.o(i.put_fat)
    i.remove_chain                           0x08005922   Section        0  ff.o(i.remove_chain)
    remove_chain                             0x08005923   Thumb Code   110  ff.o(i.remove_chain)
    i.spi_readwrite                          0x08005990   Section        0  sddriver.o(i.spi_readwrite)
    i.st_clust                               0x080059b0   Section        0  ff.o(i.st_clust)
    st_clust                                 0x080059b1   Thumb Code    16  ff.o(i.st_clust)
    i.sum_sfn                                0x080059c0   Section        0  ff.o(i.sum_sfn)
    sum_sfn                                  0x080059c1   Thumb Code    26  ff.o(i.sum_sfn)
    i.sync_fs                                0x080059da   Section        0  ff.o(i.sync_fs)
    sync_fs                                  0x080059db   Thumb Code   182  ff.o(i.sync_fs)
    i.sync_window                            0x08005a90   Section        0  ff.o(i.sync_window)
    sync_window                              0x08005a91   Thumb Code    96  ff.o(i.sync_window)
    i.validate                               0x08005af0   Section        0  ff.o(i.validate)
    validate                                 0x08005af1   Thumb Code    44  ff.o(i.validate)
    .constdata                               0x08005b1c   Section       16  system_stm32f1xx.o(.constdata)
    .constdata                               0x08005b2c   Section        8  system_stm32f1xx.o(.constdata)
    .constdata                               0x08005b34   Section      186  ff.o(.constdata)
    ExCvt                                    0x08005b34   Data         128  ff.o(.constdata)
    LfnOfs                                   0x08005bb4   Data          13  ff.o(.constdata)
    vst                                      0x08005bc2   Data          22  ff.o(.constdata)
    cst                                      0x08005bd8   Data          22  ff.o(.constdata)
    .constdata                               0x08005bee   Section     1216  ccsbcs.o(.constdata)
    Tbl                                      0x08005bee   Data         256  ccsbcs.o(.constdata)
    tbl_lower                                0x08005cee   Data         480  ccsbcs.o(.constdata)
    tbl_upper                                0x08005ece   Data         480  ccsbcs.o(.constdata)
    .data                                    0x20000000   Section       20  user_diskio.o(.data)
    .data                                    0x20000014   Section        5  fatfs.o(.data)
    .data                                    0x2000001c   Section        4  usart.o(.data)
    .data                                    0x20000020   Section       12  stm32f1xx_hal.o(.data)
    .data                                    0x2000002c   Section        4  system_stm32f1xx.o(.data)
    .data                                    0x20000030   Section     3216  user.o(.data)
    status                                   0x20000030   Data           1  user.o(.data)
    temp                                     0x20000031   Data           1  user.o(.data)
    temp                                     0x20000032   Data           1  user.o(.data)
    ledrToggle                               0x20000033   Data           1  user.o(.data)
    temp                                     0x20000034   Data           1  user.o(.data)
    loraIDTemp                               0x20000036   Data           2  user.o(.data)
    .data                                    0x20000cc0   Section        2  sddriver.o(.data)
    .data                                    0x20000cc4   Section        8  ff.o(.data)
    Fsid                                     0x20000cc4   Data           2  ff.o(.data)
    FatFs                                    0x20000cc8   Data           4  ff.o(.data)
    .data                                    0x20000ccc   Section        4  mvars.o(.data)
    .data                                    0x20000cd0   Section        4  mvars.o(.data)
    .bss                                     0x20000cd4   Section       20  rtc.o(.bss)
    .bss                                     0x20000ce8   Section       88  spi.o(.bss)
    .bss                                     0x20000d40   Section       72  tim.o(.bss)
    .bss                                     0x20000d88   Section      612  usart.o(.bss)
    .bss                                     0x20000fec   Section     1116  user.o(.bss)
    .bss                                     0x20001448   Section       24  ff.o(.bss)
    Files                                    0x20001448   Data          24  ff.o(.bss)
    .bss                                     0x20001460   Section       12  ff_gen_drv.o(.bss)
    HEAP                                     0x20001470   Section     2048  startup_stm32f103xb.o(HEAP)
    STACK                                    0x20001c70   Section     8704  startup_stm32f103xb.o(STACK)

    Global Symbols

    Symbol Name                              Value     Ov Type        Size  Object(Section)

    BuildAttributes$$THM_ISAv4$P$D$K$B$S$PE$A:L22UL41UL21$X:L11$S22US41US21$IEEE1$IW$USESV6$~STKCKD$USESV7$~SHL$OSPACE$ROPI$EBA8$MICROLIB$REQ8$PRES8$EABIv2 0x00000000   Number         0  anon$$obj.o ABSOLUTE
    __ARM_use_no_argv                        0x00000000   Number         0  main.o ABSOLUTE
    __use_no_errno                           0x00000000   Number         0  useno.o ABSOLUTE
    __use_no_exception_handling              0x00000000   Number         0  useno.o ABSOLUTE
    __use_no_fp                              0x00000000   Number         0  useno.o ABSOLUTE
    __use_no_heap                            0x00000000   Number         0  useno.o ABSOLUTE
    __use_no_heap_region                     0x00000000   Number         0  useno.o ABSOLUTE
    __use_no_semihosting                     0x00000000   Number         0  useno.o ABSOLUTE
    __use_no_semihosting_swi                 0x00000000   Number         0  useno.o ABSOLUTE
    __use_no_signal_handling                 0x00000000   Number         0  useno.o ABSOLUTE
    _printf_a                                0x00000000   Number         0  stubs.o ABSOLUTE
    _printf_c                                0x00000000   Number         0  stubs.o ABSOLUTE
    _printf_charcount                        0x00000000   Number         0  stubs.o ABSOLUTE
    _printf_d                                0x00000000   Number         0  stubs.o ABSOLUTE
    _printf_e                                0x00000000   Number         0  stubs.o ABSOLUTE
    _printf_f                                0x00000000   Number         0  stubs.o ABSOLUTE
    _printf_flags                            0x00000000   Number         0  stubs.o ABSOLUTE
    _printf_fp_dec                           0x00000000   Number         0  stubs.o ABSOLUTE
    _printf_fp_hex                           0x00000000   Number         0  stubs.o ABSOLUTE
    _printf_g                                0x00000000   Number         0  stubs.o ABSOLUTE
    _printf_i                                0x00000000   Number         0  stubs.o ABSOLUTE
    _printf_int_dec                          0x00000000   Number         0  stubs.o ABSOLUTE
    _printf_l                                0x00000000   Number         0  stubs.o ABSOLUTE
    _printf_lc                               0x00000000   Number         0  stubs.o ABSOLUTE
    _printf_ll                               0x00000000   Number         0  stubs.o ABSOLUTE
    _printf_lld                              0x00000000   Number         0  stubs.o ABSOLUTE
    _printf_lli                              0x00000000   Number         0  stubs.o ABSOLUTE
    _printf_llo                              0x00000000   Number         0  stubs.o ABSOLUTE
    _printf_llu                              0x00000000   Number         0  stubs.o ABSOLUTE
    _printf_llx                              0x00000000   Number         0  stubs.o ABSOLUTE
    _printf_longlong_dec                     0x00000000   Number         0  stubs.o ABSOLUTE
    _printf_longlong_hex                     0x00000000   Number         0  stubs.o ABSOLUTE
    _printf_longlong_oct                     0x00000000   Number         0  stubs.o ABSOLUTE
    _printf_ls                               0x00000000   Number         0  stubs.o ABSOLUTE
    _printf_mbtowc                           0x00000000   Number         0  stubs.o ABSOLUTE
    _printf_n                                0x00000000   Number         0  stubs.o ABSOLUTE
    _printf_o                                0x00000000   Number         0  stubs.o ABSOLUTE
    _printf_p                                0x00000000   Number         0  stubs.o ABSOLUTE
    _printf_percent                          0x00000000   Number         0  stubs.o ABSOLUTE
    _printf_pre_padding                      0x00000000   Number         0  stubs.o ABSOLUTE
    _printf_return_value                     0x00000000   Number         0  stubs.o ABSOLUTE
    _printf_s                                0x00000000   Number         0  stubs.o ABSOLUTE
    _printf_sizespec                         0x00000000   Number         0  stubs.o ABSOLUTE
    _printf_str                              0x00000000   Number         0  stubs.o ABSOLUTE
    _printf_truncate_signed                  0x00000000   Number         0  stubs.o ABSOLUTE
    _printf_truncate_unsigned                0x00000000   Number         0  stubs.o ABSOLUTE
    _printf_u                                0x00000000   Number         0  stubs.o ABSOLUTE
    _printf_wc                               0x00000000   Number         0  stubs.o ABSOLUTE
    _printf_wctomb                           0x00000000   Number         0  stubs.o ABSOLUTE
    _printf_widthprec                        0x00000000   Number         0  stubs.o ABSOLUTE
    _printf_x                                0x00000000   Number         0  stubs.o ABSOLUTE
    __cpp_initialize__aeabi_                  - Undefined Weak Reference
    __cxa_finalize                            - Undefined Weak Reference
    _clock_init                               - Undefined Weak Reference
    _microlib_exit                            - Undefined Weak Reference
    __Vectors_Size                           0x000000ec   Number         0  startup_stm32f103xb.o ABSOLUTE
    __Vectors                                0x08000000   Data           4  startup_stm32f103xb.o(RESET)
    __Vectors_End                            0x080000ec   Data           0  startup_stm32f103xb.o(RESET)
    __main                                   0x080000ed   Thumb Code     0  entry.o(.ARM.Collect$$$$00000000)
    _main_stk                                0x080000ed   Thumb Code     0  entry2.o(.ARM.Collect$$$$00000001)
    _main_scatterload                        0x080000f1   Thumb Code     0  entry5.o(.ARM.Collect$$$$00000004)
    __main_after_scatterload                 0x080000f5   Thumb Code     0  entry5.o(.ARM.Collect$$$$00000004)
    _main_clock                              0x080000f5   Thumb Code     0  entry7b.o(.ARM.Collect$$$$00000008)
    _main_cpp_init                           0x080000f5   Thumb Code     0  entry8b.o(.ARM.Collect$$$$0000000A)
    _main_init                               0x080000f5   Thumb Code     0  entry9a.o(.ARM.Collect$$$$0000000B)
    __rt_final_cpp                           0x080000fd   Thumb Code     0  entry10a.o(.ARM.Collect$$$$0000000D)
    __rt_final_exit                          0x080000fd   Thumb Code     0  entry11a.o(.ARM.Collect$$$$0000000F)
    Reset_Handler                            0x08000101   Thumb Code     8  startup_stm32f103xb.o(.text)
    ADC1_2_IRQHandler                        0x0800011b   Thumb Code     0  startup_stm32f103xb.o(.text)
    CAN1_RX1_IRQHandler                      0x0800011b   Thumb Code     0  startup_stm32f103xb.o(.text)
    CAN1_SCE_IRQHandler                      0x0800011b   Thumb Code     0  startup_stm32f103xb.o(.text)
    DMA1_Channel1_IRQHandler                 0x0800011b   Thumb Code     0  startup_stm32f103xb.o(.text)
    EXTI0_IRQHandler                         0x0800011b   Thumb Code     0  startup_stm32f103xb.o(.text)
    EXTI15_10_IRQHandler                     0x0800011b   Thumb Code     0  startup_stm32f103xb.o(.text)
    EXTI1_IRQHandler                         0x0800011b   Thumb Code     0  startup_stm32f103xb.o(.text)
    EXTI2_IRQHandler                         0x0800011b   Thumb Code     0  startup_stm32f103xb.o(.text)
    EXTI3_IRQHandler                         0x0800011b   Thumb Code     0  startup_stm32f103xb.o(.text)
    EXTI4_IRQHandler                         0x0800011b   Thumb Code     0  startup_stm32f103xb.o(.text)
    EXTI9_5_IRQHandler                       0x0800011b   Thumb Code     0  startup_stm32f103xb.o(.text)
    FLASH_IRQHandler                         0x0800011b   Thumb Code     0  startup_stm32f103xb.o(.text)
    I2C1_ER_IRQHandler                       0x0800011b   Thumb Code     0  startup_stm32f103xb.o(.text)
    I2C1_EV_IRQHandler                       0x0800011b   Thumb Code     0  startup_stm32f103xb.o(.text)
    I2C2_ER_IRQHandler                       0x0800011b   Thumb Code     0  startup_stm32f103xb.o(.text)
    I2C2_EV_IRQHandler                       0x0800011b   Thumb Code     0  startup_stm32f103xb.o(.text)
    PVD_IRQHandler                           0x0800011b   Thumb Code     0  startup_stm32f103xb.o(.text)
    RTC_Alarm_IRQHandler                     0x0800011b   Thumb Code     0  startup_stm32f103xb.o(.text)
    SPI1_IRQHandler                          0x0800011b   Thumb Code     0  startup_stm32f103xb.o(.text)
    SPI2_IRQHandler                          0x0800011b   Thumb Code     0  startup_stm32f103xb.o(.text)
    TAMPER_IRQHandler                        0x0800011b   Thumb Code     0  startup_stm32f103xb.o(.text)
    TIM1_BRK_IRQHandler                      0x0800011b   Thumb Code     0  startup_stm32f103xb.o(.text)
    TIM1_CC_IRQHandler                       0x0800011b   Thumb Code     0  startup_stm32f103xb.o(.text)
    TIM1_TRG_COM_IRQHandler                  0x0800011b   Thumb Code     0  startup_stm32f103xb.o(.text)
    TIM1_UP_IRQHandler                       0x0800011b   Thumb Code     0  startup_stm32f103xb.o(.text)
    TIM2_IRQHandler                          0x0800011b   Thumb Code     0  startup_stm32f103xb.o(.text)
    TIM4_IRQHandler                          0x0800011b   Thumb Code     0  startup_stm32f103xb.o(.text)
    USBWakeUp_IRQHandler                     0x0800011b   Thumb Code     0  startup_stm32f103xb.o(.text)
    USB_HP_CAN1_TX_IRQHandler                0x0800011b   Thumb Code     0  startup_stm32f103xb.o(.text)
    USB_LP_CAN1_RX0_IRQHandler               0x0800011b   Thumb Code     0  startup_stm32f103xb.o(.text)
    WWDG_IRQHandler                          0x0800011b   Thumb Code     0  startup_stm32f103xb.o(.text)
    __aeabi_llsr                             0x08000125   Thumb Code    32  llushr.o(.text)
    _ll_ushift_r                             0x08000125   Thumb Code     0  llushr.o(.text)
    __aeabi_memcpy                           0x08000145   Thumb Code    36  memcpya.o(.text)
    __aeabi_memcpy4                          0x08000145   Thumb Code     0  memcpya.o(.text)
    __aeabi_memcpy8                          0x08000145   Thumb Code     0  memcpya.o(.text)
    __aeabi_memset                           0x08000169   Thumb Code    14  memseta.o(.text)
    __aeabi_memset4                          0x08000169   Thumb Code     0  memseta.o(.text)
    __aeabi_memset8                          0x08000169   Thumb Code     0  memseta.o(.text)
    __aeabi_memclr                           0x08000177   Thumb Code     4  memseta.o(.text)
    __aeabi_memclr4                          0x08000177   Thumb Code     0  memseta.o(.text)
    __aeabi_memclr8                          0x08000177   Thumb Code     0  memseta.o(.text)
    _memset$wrapper                          0x0800017b   Thumb Code    18  memseta.o(.text)
    strlen                                   0x0800018d   Thumb Code    14  strlen.o(.text)
    __aeabi_uldivmod                         0x0800019b   Thumb Code    98  uldiv.o(.text)
    __scatterload                            0x080001fd   Thumb Code    28  init.o(.text)
    __scatterload_rt2                        0x080001fd   Thumb Code     0  init.o(.text)
    __aeabi_llsl                             0x08000221   Thumb Code    30  llshl.o(.text)
    _ll_shift_l                              0x08000221   Thumb Code     0  llshl.o(.text)
    __decompress                             0x0800023f   Thumb Code     0  __dczerorl.o(.text)
    __decompress0                            0x0800023f   Thumb Code    58  __dczerorl.o(.text)
    BusFault_Handler                         0x08000279   Thumb Code     2  stm32f1xx_it.o(i.BusFault_Handler)
    Check                                    0x0800027b   Thumb Code    22  user.o(i.Check)
    DMA1_Channel2_IRQHandler                 0x08000291   Thumb Code     6  stm32f1xx_it.o(i.DMA1_Channel2_IRQHandler)
    DMA1_Channel3_IRQHandler                 0x0800029d   Thumb Code     6  stm32f1xx_it.o(i.DMA1_Channel3_IRQHandler)
    DMA1_Channel4_IRQHandler                 0x080002a9   Thumb Code     6  stm32f1xx_it.o(i.DMA1_Channel4_IRQHandler)
    DMA1_Channel5_IRQHandler                 0x080002b5   Thumb Code     6  stm32f1xx_it.o(i.DMA1_Channel5_IRQHandler)
    DMA1_Channel6_IRQHandler                 0x080002c1   Thumb Code     6  stm32f1xx_it.o(i.DMA1_Channel6_IRQHandler)
    DMA1_Channel7_IRQHandler                 0x080002cd   Thumb Code     6  stm32f1xx_it.o(i.DMA1_Channel7_IRQHandler)
    DebugMon_Handler                         0x08000303   Thumb Code     2  stm32f1xx_it.o(i.DebugMon_Handler)
    Error_Handler                            0x08000305   Thumb Code     4  main.o(i.Error_Handler)
    FATFS_LinkDriver                         0x08000309   Thumb Code     6  ff_gen_drv.o(i.FATFS_LinkDriver)
    FATFS_LinkDriverEx                       0x08000311   Thumb Code    60  ff_gen_drv.o(i.FATFS_LinkDriverEx)
    HAL_DMA_Abort                            0x08000351   Thumb Code    70  stm32f1xx_hal_dma.o(i.HAL_DMA_Abort)
    HAL_DMA_Abort_IT                         0x08000399   Thumb Code   148  stm32f1xx_hal_dma.o(i.HAL_DMA_Abort_IT)
    HAL_DMA_IRQHandler                       0x08000431   Thumb Code   316  stm32f1xx_hal_dma.o(i.HAL_DMA_IRQHandler)
    HAL_DMA_Init                             0x08000585   Thumb Code    84  stm32f1xx_hal_dma.o(i.HAL_DMA_Init)
    HAL_DMA_Start_IT                         0x080005e1   Thumb Code   112  stm32f1xx_hal_dma.o(i.HAL_DMA_Start_IT)
    HAL_Delay                                0x08000651   Thumb Code    32  stm32f1xx_hal.o(i.HAL_Delay)
    HAL_GPIO_Init                            0x08000675   Thumb Code   446  stm32f1xx_hal_gpio.o(i.HAL_GPIO_Init)
    HAL_GPIO_TogglePin                       0x08000855   Thumb Code    16  stm32f1xx_hal_gpio.o(i.HAL_GPIO_TogglePin)
    HAL_GPIO_WritePin                        0x08000865   Thumb Code    10  stm32f1xx_hal_gpio.o(i.HAL_GPIO_WritePin)
    HAL_GetTick                              0x08000871   Thumb Code     6  stm32f1xx_hal.o(i.HAL_GetTick)
    HAL_IncTick                              0x0800087d   Thumb Code    12  stm32f1xx_hal.o(i.HAL_IncTick)
    HAL_Init                                 0x0800088d   Thumb Code    32  stm32f1xx_hal.o(i.HAL_Init)
    HAL_InitTick                             0x080008b1   Thumb Code    54  stm32f1xx_hal.o(i.HAL_InitTick)
    HAL_MspInit                              0x080008f1   Thumb Code    74  stm32f1xx_hal_msp.o(i.HAL_MspInit)
    HAL_NVIC_EnableIRQ                       0x08000945   Thumb Code    26  stm32f1xx_hal_cortex.o(i.HAL_NVIC_EnableIRQ)
    HAL_NVIC_SetPriority                     0x08000961   Thumb Code    60  stm32f1xx_hal_cortex.o(i.HAL_NVIC_SetPriority)
    HAL_NVIC_SetPriorityGrouping             0x080009a1   Thumb Code    26  stm32f1xx_hal_cortex.o(i.HAL_NVIC_SetPriorityGrouping)
    HAL_PWR_EnableBkUpAccess                 0x080009c5   Thumb Code     8  stm32f1xx_hal_pwr.o(i.HAL_PWR_EnableBkUpAccess)
    HAL_RCCEx_GetPeriphCLKFreq               0x080009d1   Thumb Code   166  stm32f1xx_hal_rcc_ex.o(i.HAL_RCCEx_GetPeriphCLKFreq)
    HAL_RCCEx_PeriphCLKConfig                0x08000a99   Thumb Code   224  stm32f1xx_hal_rcc_ex.o(i.HAL_RCCEx_PeriphCLKConfig)
    HAL_RCC_ClockConfig                      0x08000b85   Thumb Code   280  stm32f1xx_hal_rcc.o(i.HAL_RCC_ClockConfig)
    HAL_RCC_GetPCLK1Freq                     0x08000cb1   Thumb Code    20  stm32f1xx_hal_rcc.o(i.HAL_RCC_GetPCLK1Freq)
    HAL_RCC_GetPCLK2Freq                     0x08000cd1   Thumb Code    20  stm32f1xx_hal_rcc.o(i.HAL_RCC_GetPCLK2Freq)
    HAL_RCC_GetSysClockFreq                  0x08000cf1   Thumb Code    74  stm32f1xx_hal_rcc.o(i.HAL_RCC_GetSysClockFreq)
    HAL_RCC_OscConfig                        0x08000d5d   Thumb Code   778  stm32f1xx_hal_rcc.o(i.HAL_RCC_OscConfig)
    HAL_RTCEx_RTCEventCallback               0x0800107d   Thumb Code    60  user.o(i.HAL_RTCEx_RTCEventCallback)
    HAL_RTCEx_RTCEventErrorCallback          0x080010dd   Thumb Code     2  stm32f1xx_hal_rtc_ex.o(i.HAL_RTCEx_RTCEventErrorCallback)
    HAL_RTCEx_RTCIRQHandler                  0x080010df   Thumb Code    62  stm32f1xx_hal_rtc_ex.o(i.HAL_RTCEx_RTCIRQHandler)
    HAL_RTC_GetDate                          0x0800111d   Thumb Code    78  stm32f1xx_hal_rtc.o(i.HAL_RTC_GetDate)
    HAL_RTC_GetTime                          0x0800116b   Thumb Code   216  stm32f1xx_hal_rtc.o(i.HAL_RTC_GetTime)
    HAL_RTC_Init                             0x08001245   Thumb Code   154  stm32f1xx_hal_rtc.o(i.HAL_RTC_Init)
    HAL_RTC_MspInit                          0x080012e5   Thumb Code    60  rtc.o(i.HAL_RTC_MspInit)
    HAL_RTC_SetDate                          0x0800132d   Thumb Code   192  stm32f1xx_hal_rtc.o(i.HAL_RTC_SetDate)
    HAL_RTC_SetTime                          0x080013f1   Thumb Code   168  stm32f1xx_hal_rtc.o(i.HAL_RTC_SetTime)
    HAL_RTC_WaitForSynchro                   0x0800149d   Thumb Code    58  stm32f1xx_hal_rtc.o(i.HAL_RTC_WaitForSynchro)
    HAL_SPI_Init                             0x080014d7   Thumb Code   178  stm32f1xx_hal_spi.o(i.HAL_SPI_Init)
    HAL_SPI_MspInit                          0x08001589   Thumb Code    98  spi.o(i.HAL_SPI_MspInit)
    HAL_SPI_TransmitReceive                  0x080015f9   Thumb Code   482  stm32f1xx_hal_spi.o(i.HAL_SPI_TransmitReceive)
    HAL_SYSTICK_Config                       0x080017db   Thumb Code    40  stm32f1xx_hal_cortex.o(i.HAL_SYSTICK_Config)
    HAL_TIMEx_BreakCallback                  0x08001803   Thumb Code     2  stm32f1xx_hal_tim_ex.o(i.HAL_TIMEx_BreakCallback)
    HAL_TIMEx_CommutCallback                 0x08001805   Thumb Code     2  stm32f1xx_hal_tim_ex.o(i.HAL_TIMEx_CommutCallback)
    HAL_TIMEx_MasterConfigSynchronization    0x08001809   Thumb Code    92  stm32f1xx_hal_tim_ex.o(i.HAL_TIMEx_MasterConfigSynchronization)
    HAL_TIM_Base_Init                        0x08001871   Thumb Code    90  stm32f1xx_hal_tim.o(i.HAL_TIM_Base_Init)
    HAL_TIM_Base_MspInit                     0x080018cd   Thumb Code    50  tim.o(i.HAL_TIM_Base_MspInit)
    HAL_TIM_Base_Start_IT                    0x08001909   Thumb Code    76  stm32f1xx_hal_tim.o(i.HAL_TIM_Base_Start_IT)
    HAL_TIM_ConfigClockSource                0x08001961   Thumb Code   214  stm32f1xx_hal_tim.o(i.HAL_TIM_ConfigClockSource)
    HAL_TIM_IC_CaptureCallback               0x08001a37   Thumb Code     2  stm32f1xx_hal_tim.o(i.HAL_TIM_IC_CaptureCallback)
    HAL_TIM_IRQHandler                       0x08001a39   Thumb Code   358  stm32f1xx_hal_tim.o(i.HAL_TIM_IRQHandler)
    HAL_TIM_OC_DelayElapsedCallback          0x08001b9f   Thumb Code     2  stm32f1xx_hal_tim.o(i.HAL_TIM_OC_DelayElapsedCallback)
    HAL_TIM_PWM_PulseFinishedCallback        0x08001ba1   Thumb Code     2  stm32f1xx_hal_tim.o(i.HAL_TIM_PWM_PulseFinishedCallback)
    HAL_TIM_PeriodElapsedCallback            0x08001ba5   Thumb Code    16  user.o(i.HAL_TIM_PeriodElapsedCallback)
    HAL_TIM_TriggerCallback                  0x08001bb9   Thumb Code     2  stm32f1xx_hal_tim.o(i.HAL_TIM_TriggerCallback)
    HAL_UARTEx_RxEventCallback               0x08001bbb   Thumb Code     2  stm32f1xx_hal_uart.o(i.HAL_UARTEx_RxEventCallback)
    HAL_UART_DMAStop                         0x08001bbd   Thumb Code    88  stm32f1xx_hal_uart.o(i.HAL_UART_DMAStop)
    HAL_UART_ErrorCallback                   0x08001c15   Thumb Code     2  stm32f1xx_hal_uart.o(i.HAL_UART_ErrorCallback)
    HAL_UART_IRQHandler                      0x08001c19   Thumb Code   520  stm32f1xx_hal_uart.o(i.HAL_UART_IRQHandler)
    HAL_UART_Init                            0x08001e25   Thumb Code    98  stm32f1xx_hal_uart.o(i.HAL_UART_Init)
    HAL_UART_MspInit                         0x08001e89   Thumb Code   618  usart.o(i.HAL_UART_MspInit)
    HAL_UART_Receive_DMA                     0x08002119   Thumb Code    42  stm32f1xx_hal_uart.o(i.HAL_UART_Receive_DMA)
    HAL_UART_RxCpltCallback                  0x08002143   Thumb Code     2  stm32f1xx_hal_uart.o(i.HAL_UART_RxCpltCallback)
    HAL_UART_RxHalfCpltCallback              0x08002145   Thumb Code     2  stm32f1xx_hal_uart.o(i.HAL_UART_RxHalfCpltCallback)
    HAL_UART_Transmit                        0x08002149   Thumb Code   178  stm32f1xx_hal_uart.o(i.HAL_UART_Transmit)
    HAL_UART_Transmit_DMA                    0x080021fd   Thumb Code   114  stm32f1xx_hal_uart.o(i.HAL_UART_Transmit_DMA)
    HAL_UART_TxCpltCallback                  0x0800227d   Thumb Code     2  stm32f1xx_hal_uart.o(i.HAL_UART_TxCpltCallback)
    HAL_UART_TxHalfCpltCallback              0x0800227f   Thumb Code     2  stm32f1xx_hal_uart.o(i.HAL_UART_TxHalfCpltCallback)
    HardFault_Handler                        0x08002281   Thumb Code     2  stm32f1xx_it.o(i.HardFault_Handler)
    LEDStatus                                0x08002285   Thumb Code   140  user.o(i.LEDStatus)
    Logging                                  0x0800231d   Thumb Code     4  user.o(i.Logging)
    MX_DMA_Init                              0x08002321   Thumb Code   120  dma.o(i.MX_DMA_Init)
    MX_FATFS_Init                            0x0800239d   Thumb Code    18  fatfs.o(i.MX_FATFS_Init)
    MX_GPIO_Init                             0x080023b9   Thumb Code   160  gpio.o(i.MX_GPIO_Init)
    MX_RTC_Init                              0x08002465   Thumb Code   138  rtc.o(i.MX_RTC_Init)
    MX_SPI1_Init                             0x080024fd   Thumb Code    62  spi.o(i.MX_SPI1_Init)
    MX_TIM3_Init                             0x08002545   Thumb Code    94  tim.o(i.MX_TIM3_Init)
    MX_USART1_UART_Init                      0x080025ad   Thumb Code    48  usart.o(i.MX_USART1_UART_Init)
    MX_USART2_UART_Init                      0x080025e5   Thumb Code    48  usart.o(i.MX_USART2_UART_Init)
    MX_USART3_UART_Init                      0x0800261d   Thumb Code    48  usart.o(i.MX_USART3_UART_Init)
    MemManage_Handler                        0x08002655   Thumb Code     2  stm32f1xx_it.o(i.MemManage_Handler)
    NMI_Handler                              0x08002657   Thumb Code     2  stm32f1xx_it.o(i.NMI_Handler)
    PendSV_Handler                           0x08002659   Thumb Code     2  stm32f1xx_it.o(i.PendSV_Handler)
    RCC_IRQHandler                           0x0800265b   Thumb Code     2  stm32f1xx_it.o(i.RCC_IRQHandler)
    RTC_IRQHandler                           0x080027a1   Thumb Code     6  stm32f1xx_it.o(i.RTC_IRQHandler)
    Read_Lora_ID                             0x08002881   Thumb Code    72  user.o(i.Read_Lora_ID)
    SDCardLogInit                            0x080028e1   Thumb Code   194  user.o(i.SDCardLogInit)
    SD_CS                                    0x08002a75   Thumb Code    18  sddriver.o(i.SD_CS)
    SD_GETCSD                                0x08002a8d   Thumb Code    46  sddriver.o(i.SD_GETCSD)
    SD_GetSectorCount                        0x08002abb   Thumb Code   110  sddriver.o(i.SD_GetSectorCount)
    SD_ReadDisk                              0x08002b29   Thumb Code   108  sddriver.o(i.SD_ReadDisk)
    SD_ReceiveData                           0x08002b99   Thumb Code    64  sddriver.o(i.SD_ReceiveData)
    SD_SendBlock                             0x08002bd9   Thumb Code    90  sddriver.o(i.SD_SendBlock)
    SD_Write                                 0x08002c35   Thumb Code    52  user.o(i.SD_Write)
    SD_WriteDisk                             0x08002c71   Thumb Code   130  sddriver.o(i.SD_WriteDisk)
    SD_init                                  0x08002cf9   Thumb Code   342  sddriver.o(i.SD_init)
    SD_sendcmd                               0x08002e55   Thumb Code   132  sddriver.o(i.SD_sendcmd)
    SPI_setspeed                             0x08002fb5   Thumb Code    44  sddriver.o(i.SPI_setspeed)
    SVC_Handler                              0x08002fe9   Thumb Code     2  stm32f1xx_it.o(i.SVC_Handler)
    SysTick_Handler                          0x08002feb   Thumb Code     4  stm32f1xx_it.o(i.SysTick_Handler)
    SystemClock_Config                       0x08002fef   Thumb Code   128  main.o(i.SystemClock_Config)
    SystemInit                               0x0800306f   Thumb Code     2  system_stm32f1xx.o(i.SystemInit)
    TIM3_IRQHandler                          0x08003071   Thumb Code     6  stm32f1xx_it.o(i.TIM3_IRQHandler)
    TIM_Base_SetConfig                       0x0800307d   Thumb Code    94  stm32f1xx_hal_tim.o(i.TIM_Base_SetConfig)
    TIM_ETR_SetConfig                        0x080030e9   Thumb Code    20  stm32f1xx_hal_tim.o(i.TIM_ETR_SetConfig)
    UART_Start_Receive_DMA                   0x08003409   Thumb Code    98  stm32f1xx_hal_uart.o(i.UART_Start_Receive_DMA)
    USAR2_Pack_Transmit                      0x080034dd   Thumb Code   106  user.o(i.USAR2_Pack_Transmit)
    USAR2_Transmit                           0x0800354d   Thumb Code   126  user.o(i.USAR2_Transmit)
    USAR3_Transmit                           0x080035d1   Thumb Code    14  user.o(i.USAR3_Transmit)
    USART1_IRQHandler                        0x080035e5   Thumb Code    80  stm32f1xx_it.o(i.USART1_IRQHandler)
    USART2_IRQHandler                        0x08003645   Thumb Code    86  stm32f1xx_it.o(i.USART2_IRQHandler)
    USART2_Rx_Analysis                       0x080036ad   Thumb Code   260  user.o(i.USART2_Rx_Analysis)
    USART3_IRQHandler                        0x080037c1   Thumb Code    58  stm32f1xx_it.o(i.USART3_IRQHandler)
    USART3_Rx_Analysis                       0x08003809   Thumb Code    28  user.o(i.USART3_Rx_Analysis)
    USER_initialize                          0x08003829   Thumb Code    32  user_diskio.o(i.USER_initialize)
    USER_ioctl                               0x08003849   Thumb Code    78  user_diskio.o(i.USER_ioctl)
    USER_read                                0x08003897   Thumb Code    34  user_diskio.o(i.USER_read)
    USER_status                              0x080038b9   Thumb Code    20  user_diskio.o(i.USER_status)
    USER_write                               0x080038cd   Thumb Code    34  user_diskio.o(i.USER_write)
    UsageFault_Handler                       0x080038ef   Thumb Code     2  stm32f1xx_it.o(i.UsageFault_Handler)
    UserLoop                                 0x080038f1   Thumb Code   292  user.o(i.UserLoop)
    __0printf$8                              0x08003a95   Thumb Code    22  printf8.o(i.__0printf$8)
    __1printf$8                              0x08003a95   Thumb Code     0  printf8.o(i.__0printf$8)
    __2printf                                0x08003a95   Thumb Code     0  printf8.o(i.__0printf$8)
    __0sprintf$8                             0x08003ab5   Thumb Code    34  printf8.o(i.__0sprintf$8)
    __1sprintf$8                             0x08003ab5   Thumb Code     0  printf8.o(i.__0sprintf$8)
    __2sprintf                               0x08003ab5   Thumb Code     0  printf8.o(i.__0sprintf$8)
    __scatterload_copy                       0x08003afd   Thumb Code    14  handlers.o(i.__scatterload_copy)
    __scatterload_null                       0x08003b0b   Thumb Code     2  handlers.o(i.__scatterload_null)
    __scatterload_zeroinit                   0x08003b0d   Thumb Code    14  handlers.o(i.__scatterload_zeroinit)
    clust2sect                               0x080040b3   Thumb Code    30  ff.o(i.clust2sect)
    disk_initialize                          0x08004851   Thumb Code    36  diskio.o(i.disk_initialize)
    disk_ioctl                               0x08004879   Thumb Code    24  diskio.o(i.disk_ioctl)
    disk_read                                0x08004895   Thumb Code    24  diskio.o(i.disk_read)
    disk_status                              0x080048b1   Thumb Code    18  diskio.o(i.disk_status)
    disk_write                               0x080048c9   Thumb Code    24  diskio.o(i.disk_write)
    f_lseek                                  0x080048e5   Thumb Code   644  ff.o(i.f_lseek)
    f_mount                                  0x08004b69   Thumb Code    88  ff.o(i.f_mount)
    f_open                                   0x08004bc5   Thumb Code   422  ff.o(i.f_open)
    f_sync                                   0x08004d71   Thumb Code   184  ff.o(i.f_sync)
    f_write                                  0x08004e29   Thumb Code   470  ff.o(i.f_write)
    ff_convert                               0x08005001   Thumb Code    52  ccsbcs.o(i.ff_convert)
    ff_wtoupper                              0x08005039   Thumb Code    28  ccsbcs.o(i.ff_wtoupper)
    fputc                                    0x08005329   Thumb Code    18  usart.o(i.fputc)
    free                                     0x08005341   Thumb Code    76  malloc.o(i.free)
    get_fat                                  0x08005411   Thumb Code   194  ff.o(i.get_fat)
    get_fattime                              0x080054d3   Thumb Code     4  fatfs.o(i.get_fattime)
    main                                     0x080055c9   Thumb Code   248  main.o(i.main)
    malloc                                   0x08005769   Thumb Code    92  malloc.o(i.malloc)
    put_fat                                  0x0800582b   Thumb Code   248  ff.o(i.put_fat)
    spi_readwrite                            0x08005991   Thumb Code    26  sddriver.o(i.spi_readwrite)
    AHBPrescTable                            0x08005b1c   Data          16  system_stm32f1xx.o(.constdata)
    APBPrescTable                            0x08005b2c   Data           8  system_stm32f1xx.o(.constdata)
    Region$$Table$$Base                      0x080060b0   Number         0  anon$$obj.o(Region$$Table)
    Region$$Table$$Limit                     0x080060d0   Number         0  anon$$obj.o(Region$$Table)
    USER_Driver                              0x20000000   Data          20  user_diskio.o(.data)
    retUSER                                  0x20000014   Data           1  fatfs.o(.data)
    USERPath                                 0x20000015   Data           4  fatfs.o(.data)
    __stdout                                 0x2000001c   Data           4  usart.o(.data)
    uwTickFreq                               0x20000020   Data           1  stm32f1xx_hal.o(.data)
    uwTickPrio                               0x20000024   Data           4  stm32f1xx_hal.o(.data)
    uwTick                                   0x20000028   Data           4  stm32f1xx_hal.o(.data)
    SystemCoreClock                          0x2000002c   Data           4  system_stm32f1xx.o(.data)
    GetTime                                  0x20000038   Data           3  user.o(.data)
    GetData                                  0x2000003b   Data           4  user.o(.data)
    Bw                                       0x20000040   Data           4  user.o(.data)
    ReadConfigBuff                           0x20000044   Data          18  user.o(.data)
    Forward                                  0x20000056   Data        3030  user.o(.data)
    DateTime                                 0x20000c2c   Data          28  user.o(.data)
    SD_FileName                              0x20000c48   Data          20  user.o(.data)
    LogBuff                                  0x20000c5c   Data         100  user.o(.data)
    DFF                                      0x20000cc0   Data           1  sddriver.o(.data)
    SD_TYPE                                  0x20000cc1   Data           1  sddriver.o(.data)
    __microlib_freelist                      0x20000ccc   Data           4  mvars.o(.data)
    __microlib_freelist_initialised          0x20000cd0   Data           4  mvars.o(.data)
    hrtc                                     0x20000cd4   Data          20  rtc.o(.bss)
    hspi1                                    0x20000ce8   Data          88  spi.o(.bss)
    htim3                                    0x20000d40   Data          72  tim.o(.bss)
    huart1                                   0x20000d88   Data          68  usart.o(.bss)
    huart2                                   0x20000dcc   Data          68  usart.o(.bss)
    huart3                                   0x20000e10   Data          68  usart.o(.bss)
    hdma_usart1_rx                           0x20000e54   Data          68  usart.o(.bss)
    hdma_usart1_tx                           0x20000e98   Data          68  usart.o(.bss)
    hdma_usart2_rx                           0x20000edc   Data          68  usart.o(.bss)
    hdma_usart2_tx                           0x20000f20   Data          68  usart.o(.bss)
    hdma_usart3_rx                           0x20000f64   Data          68  usart.o(.bss)
    hdma_usart3_tx                           0x20000fa8   Data          68  usart.o(.bss)
    File                                     0x20000fec   Data         556  user.o(.bss)
    FS                                       0x20001218   Data         560  user.o(.bss)
    disk                                     0x20001460   Data          12  ff_gen_drv.o(.bss)
    __heap_base                              0x20001470   Data           0  startup_stm32f103xb.o(HEAP)
    __heap_limit                             0x20001c70   Data           0  startup_stm32f103xb.o(HEAP)
    __initial_sp                             0x20003e70   Data           0  startup_stm32f103xb.o(STACK)



==============================================================================

Memory Map of the image

  Image Entry point : 0x080000ed

  Load Region LR_IROM1 (Base: 0x08000000, Size: 0x00006da4, Max: 0x00040000, ABSOLUTE, COMPRESSED[0x00006138])

    Execution Region ER_IROM1 (Exec base: 0x08000000, Load base: 0x08000000, Size: 0x000060d0, Max: 0x00040000, ABSOLUTE)

    Exec Addr    Load Addr    Size         Type   Attr      Idx    E Section Name        Object

    0x08000000   0x08000000   0x000000ec   Data   RO            3    RESET               startup_stm32f103xb.o
    0x080000ec   0x080000ec   0x00000000   Code   RO         4493  * .ARM.Collect$$$$00000000  mc_w.l(entry.o)
    0x080000ec   0x080000ec   0x00000004   Code   RO         4797    .ARM.Collect$$$$00000001  mc_w.l(entry2.o)
    0x080000f0   0x080000f0   0x00000004   Code   RO         4800    .ARM.Collect$$$$00000004  mc_w.l(entry5.o)
    0x080000f4   0x080000f4   0x00000000   Code   RO         4802    .ARM.Collect$$$$00000008  mc_w.l(entry7b.o)
    0x080000f4   0x080000f4   0x00000000   Code   RO         4804    .ARM.Collect$$$$0000000A  mc_w.l(entry8b.o)
    0x080000f4   0x080000f4   0x00000008   Code   RO         4805    .ARM.Collect$$$$0000000B  mc_w.l(entry9a.o)
    0x080000fc   0x080000fc   0x00000000   Code   RO         4807    .ARM.Collect$$$$0000000D  mc_w.l(entry10a.o)
    0x080000fc   0x080000fc   0x00000000   Code   RO         4809    .ARM.Collect$$$$0000000F  mc_w.l(entry11a.o)
    0x080000fc   0x080000fc   0x00000004   Code   RO         4798    .ARM.Collect$$$$00002712  mc_w.l(entry2.o)
    0x08000100   0x08000100   0x00000024   Code   RO            4    .text               startup_stm32f103xb.o
    0x08000124   0x08000124   0x00000020   Code   RO         4496    .text               mc_w.l(llushr.o)
    0x08000144   0x08000144   0x00000024   Code   RO         4498    .text               mc_w.l(memcpya.o)
    0x08000168   0x08000168   0x00000024   Code   RO         4500    .text               mc_w.l(memseta.o)
    0x0800018c   0x0800018c   0x0000000e   Code   RO         4504    .text               mc_w.l(strlen.o)
    0x0800019a   0x0800019a   0x00000062   Code   RO         4813    .text               mc_w.l(uldiv.o)
    0x080001fc   0x080001fc   0x00000024   Code   RO         4828    .text               mc_w.l(init.o)
    0x08000220   0x08000220   0x0000001e   Code   RO         4830    .text               mc_w.l(llshl.o)
    0x0800023e   0x0800023e   0x0000003a   Code   RO         4844    .text               mc_w.l(__dczerorl.o)
    0x08000278   0x08000278   0x00000002   Code   RO          586    i.BusFault_Handler  stm32f1xx_it.o
    0x0800027a   0x0800027a   0x00000016   Code   RO         3765    i.Check             user.o
    0x08000290   0x08000290   0x0000000c   Code   RO          587    i.DMA1_Channel2_IRQHandler  stm32f1xx_it.o
    0x0800029c   0x0800029c   0x0000000c   Code   RO          588    i.DMA1_Channel3_IRQHandler  stm32f1xx_it.o
    0x080002a8   0x080002a8   0x0000000c   Code   RO          589    i.DMA1_Channel4_IRQHandler  stm32f1xx_it.o
    0x080002b4   0x080002b4   0x0000000c   Code   RO          590    i.DMA1_Channel5_IRQHandler  stm32f1xx_it.o
    0x080002c0   0x080002c0   0x0000000c   Code   RO          591    i.DMA1_Channel6_IRQHandler  stm32f1xx_it.o
    0x080002cc   0x080002cc   0x0000000c   Code   RO          592    i.DMA1_Channel7_IRQHandler  stm32f1xx_it.o
    0x080002d8   0x080002d8   0x0000002a   Code   RO         1176    i.DMA_SetConfig     stm32f1xx_hal_dma.o
    0x08000302   0x08000302   0x00000002   Code   RO          593    i.DebugMon_Handler  stm32f1xx_it.o
    0x08000304   0x08000304   0x00000004   Code   RO           13    i.Error_Handler     main.o
    0x08000308   0x08000308   0x00000006   Code   RO         4384    i.FATFS_LinkDriver  ff_gen_drv.o
    0x0800030e   0x0800030e   0x00000002   PAD
    0x08000310   0x08000310   0x00000040   Code   RO         4385    i.FATFS_LinkDriverEx  ff_gen_drv.o
    0x08000350   0x08000350   0x00000046   Code   RO         1177    i.HAL_DMA_Abort     stm32f1xx_hal_dma.o
    0x08000396   0x08000396   0x00000002   PAD
    0x08000398   0x08000398   0x00000098   Code   RO         1178    i.HAL_DMA_Abort_IT  stm32f1xx_hal_dma.o
    0x08000430   0x08000430   0x00000154   Code   RO         1182    i.HAL_DMA_IRQHandler  stm32f1xx_hal_dma.o
    0x08000584   0x08000584   0x0000005c   Code   RO         1183    i.HAL_DMA_Init      stm32f1xx_hal_dma.o
    0x080005e0   0x080005e0   0x00000070   Code   RO         1187    i.HAL_DMA_Start_IT  stm32f1xx_hal_dma.o
    0x08000650   0x08000650   0x00000024   Code   RO          805    i.HAL_Delay         stm32f1xx_hal.o
    0x08000674   0x08000674   0x000001e0   Code   RO         1113    i.HAL_GPIO_Init     stm32f1xx_hal_gpio.o
    0x08000854   0x08000854   0x00000010   Code   RO         1116    i.HAL_GPIO_TogglePin  stm32f1xx_hal_gpio.o
    0x08000864   0x08000864   0x0000000a   Code   RO         1117    i.HAL_GPIO_WritePin  stm32f1xx_hal_gpio.o
    0x0800086e   0x0800086e   0x00000002   PAD
    0x08000870   0x08000870   0x0000000c   Code   RO          809    i.HAL_GetTick       stm32f1xx_hal.o
    0x0800087c   0x0800087c   0x00000010   Code   RO          815    i.HAL_IncTick       stm32f1xx_hal.o
    0x0800088c   0x0800088c   0x00000024   Code   RO          816    i.HAL_Init          stm32f1xx_hal.o
    0x080008b0   0x080008b0   0x00000040   Code   RO          817    i.HAL_InitTick      stm32f1xx_hal.o
    0x080008f0   0x080008f0   0x00000054   Code   RO          738    i.HAL_MspInit       stm32f1xx_hal_msp.o
    0x08000944   0x08000944   0x0000001a   Code   RO         1273    i.HAL_NVIC_EnableIRQ  stm32f1xx_hal_cortex.o
    0x0800095e   0x0800095e   0x00000002   PAD
    0x08000960   0x08000960   0x00000040   Code   RO         1279    i.HAL_NVIC_SetPriority  stm32f1xx_hal_cortex.o
    0x080009a0   0x080009a0   0x00000024   Code   RO         1280    i.HAL_NVIC_SetPriorityGrouping  stm32f1xx_hal_cortex.o
    0x080009c4   0x080009c4   0x0000000c   Code   RO         1395    i.HAL_PWR_EnableBkUpAccess  stm32f1xx_hal_pwr.o
    0x080009d0   0x080009d0   0x000000c8   Code   RO         1075    i.HAL_RCCEx_GetPeriphCLKFreq  stm32f1xx_hal_rcc_ex.o
    0x08000a98   0x08000a98   0x000000ec   Code   RO         1076    i.HAL_RCCEx_PeriphCLKConfig  stm32f1xx_hal_rcc_ex.o
    0x08000b84   0x08000b84   0x0000012c   Code   RO          973    i.HAL_RCC_ClockConfig  stm32f1xx_hal_rcc.o
    0x08000cb0   0x08000cb0   0x00000020   Code   RO          980    i.HAL_RCC_GetPCLK1Freq  stm32f1xx_hal_rcc.o
    0x08000cd0   0x08000cd0   0x00000020   Code   RO          981    i.HAL_RCC_GetPCLK2Freq  stm32f1xx_hal_rcc.o
    0x08000cf0   0x08000cf0   0x0000006c   Code   RO          982    i.HAL_RCC_GetSysClockFreq  stm32f1xx_hal_rcc.o
    0x08000d5c   0x08000d5c   0x00000320   Code   RO          985    i.HAL_RCC_OscConfig  stm32f1xx_hal_rcc.o
    0x0800107c   0x0800107c   0x00000060   Code   RO         3767    i.HAL_RTCEx_RTCEventCallback  user.o
    0x080010dc   0x080010dc   0x00000002   Code   RO         1979    i.HAL_RTCEx_RTCEventErrorCallback  stm32f1xx_hal_rtc_ex.o
    0x080010de   0x080010de   0x0000003e   Code   RO         1980    i.HAL_RTCEx_RTCIRQHandler  stm32f1xx_hal_rtc_ex.o
    0x0800111c   0x0800111c   0x0000004e   Code   RO         1808    i.HAL_RTC_GetDate   stm32f1xx_hal_rtc.o
    0x0800116a   0x0800116a   0x000000d8   Code   RO         1810    i.HAL_RTC_GetTime   stm32f1xx_hal_rtc.o
    0x08001242   0x08001242   0x00000002   PAD
    0x08001244   0x08001244   0x000000a0   Code   RO         1811    i.HAL_RTC_Init      stm32f1xx_hal_rtc.o
    0x080012e4   0x080012e4   0x00000048   Code   RO          387    i.HAL_RTC_MspInit   rtc.o
    0x0800132c   0x0800132c   0x000000c4   Code   RO         1817    i.HAL_RTC_SetDate   stm32f1xx_hal_rtc.o
    0x080013f0   0x080013f0   0x000000ac   Code   RO         1818    i.HAL_RTC_SetTime   stm32f1xx_hal_rtc.o
    0x0800149c   0x0800149c   0x0000003a   Code   RO         1819    i.HAL_RTC_WaitForSynchro  stm32f1xx_hal_rtc.o
    0x080014d6   0x080014d6   0x000000b2   Code   RO         2086    i.HAL_SPI_Init      stm32f1xx_hal_spi.o
    0x08001588   0x08001588   0x00000070   Code   RO          429    i.HAL_SPI_MspInit   spi.o
    0x080015f8   0x080015f8   0x000001e2   Code   RO         2095    i.HAL_SPI_TransmitReceive  stm32f1xx_hal_spi.o
    0x080017da   0x080017da   0x00000028   Code   RO         1284    i.HAL_SYSTICK_Config  stm32f1xx_hal_cortex.o
    0x08001802   0x08001802   0x00000002   Code   RO         3103    i.HAL_TIMEx_BreakCallback  stm32f1xx_hal_tim_ex.o
    0x08001804   0x08001804   0x00000002   Code   RO         3104    i.HAL_TIMEx_CommutCallback  stm32f1xx_hal_tim_ex.o
    0x08001806   0x08001806   0x00000002   PAD
    0x08001808   0x08001808   0x00000068   Code   RO         3122    i.HAL_TIMEx_MasterConfigSynchronization  stm32f1xx_hal_tim_ex.o
    0x08001870   0x08001870   0x0000005a   Code   RO         2399    i.HAL_TIM_Base_Init  stm32f1xx_hal_tim.o
    0x080018ca   0x080018ca   0x00000002   PAD
    0x080018cc   0x080018cc   0x0000003c   Code   RO          471    i.HAL_TIM_Base_MspInit  tim.o
    0x08001908   0x08001908   0x00000058   Code   RO         2404    i.HAL_TIM_Base_Start_IT  stm32f1xx_hal_tim.o
    0x08001960   0x08001960   0x000000d6   Code   RO         2408    i.HAL_TIM_ConfigClockSource  stm32f1xx_hal_tim.o
    0x08001a36   0x08001a36   0x00000002   Code   RO         2433    i.HAL_TIM_IC_CaptureCallback  stm32f1xx_hal_tim.o
    0x08001a38   0x08001a38   0x00000166   Code   RO         2447    i.HAL_TIM_IRQHandler  stm32f1xx_hal_tim.o
    0x08001b9e   0x08001b9e   0x00000002   Code   RO         2450    i.HAL_TIM_OC_DelayElapsedCallback  stm32f1xx_hal_tim.o
    0x08001ba0   0x08001ba0   0x00000002   Code   RO         2477    i.HAL_TIM_PWM_PulseFinishedCallback  stm32f1xx_hal_tim.o
    0x08001ba2   0x08001ba2   0x00000002   PAD
    0x08001ba4   0x08001ba4   0x00000014   Code   RO         3768    i.HAL_TIM_PeriodElapsedCallback  user.o
    0x08001bb8   0x08001bb8   0x00000002   Code   RO         2490    i.HAL_TIM_TriggerCallback  stm32f1xx_hal_tim.o
    0x08001bba   0x08001bba   0x00000002   Code   RO         3381    i.HAL_UARTEx_RxEventCallback  stm32f1xx_hal_uart.o
    0x08001bbc   0x08001bbc   0x00000058   Code   RO         3393    i.HAL_UART_DMAStop  stm32f1xx_hal_uart.o
    0x08001c14   0x08001c14   0x00000002   Code   RO         3395    i.HAL_UART_ErrorCallback  stm32f1xx_hal_uart.o
    0x08001c16   0x08001c16   0x00000002   PAD
    0x08001c18   0x08001c18   0x0000020c   Code   RO         3398    i.HAL_UART_IRQHandler  stm32f1xx_hal_uart.o
    0x08001e24   0x08001e24   0x00000062   Code   RO         3399    i.HAL_UART_Init     stm32f1xx_hal_uart.o
    0x08001e86   0x08001e86   0x00000002   PAD
    0x08001e88   0x08001e88   0x00000290   Code   RO          513    i.HAL_UART_MspInit  usart.o
    0x08002118   0x08002118   0x0000002a   Code   RO         3403    i.HAL_UART_Receive_DMA  stm32f1xx_hal_uart.o
    0x08002142   0x08002142   0x00000002   Code   RO         3405    i.HAL_UART_RxCpltCallback  stm32f1xx_hal_uart.o
    0x08002144   0x08002144   0x00000002   Code   RO         3406    i.HAL_UART_RxHalfCpltCallback  stm32f1xx_hal_uart.o
    0x08002146   0x08002146   0x00000002   PAD
    0x08002148   0x08002148   0x000000b2   Code   RO         3407    i.HAL_UART_Transmit  stm32f1xx_hal_uart.o
    0x080021fa   0x080021fa   0x00000002   PAD
    0x080021fc   0x080021fc   0x00000080   Code   RO         3408    i.HAL_UART_Transmit_DMA  stm32f1xx_hal_uart.o
    0x0800227c   0x0800227c   0x00000002   Code   RO         3410    i.HAL_UART_TxCpltCallback  stm32f1xx_hal_uart.o
    0x0800227e   0x0800227e   0x00000002   Code   RO         3411    i.HAL_UART_TxHalfCpltCallback  stm32f1xx_hal_uart.o
    0x08002280   0x08002280   0x00000002   Code   RO          594    i.HardFault_Handler  stm32f1xx_it.o
    0x08002282   0x08002282   0x00000002   PAD
    0x08002284   0x08002284   0x00000098   Code   RO         3770    i.LEDStatus         user.o
    0x0800231c   0x0800231c   0x00000004   Code   RO         3771    i.Logging           user.o
    0x08002320   0x08002320   0x0000007c   Code   RO          237    i.MX_DMA_Init       dma.o
    0x0800239c   0x0800239c   0x0000001c   Code   RO          318    i.MX_FATFS_Init     fatfs.o
    0x080023b8   0x080023b8   0x000000ac   Code   RO          213    i.MX_GPIO_Init      gpio.o
    0x08002464   0x08002464   0x00000098   Code   RO          388    i.MX_RTC_Init       rtc.o
    0x080024fc   0x080024fc   0x00000048   Code   RO          430    i.MX_SPI1_Init      spi.o
    0x08002544   0x08002544   0x00000068   Code   RO          472    i.MX_TIM3_Init      tim.o
    0x080025ac   0x080025ac   0x00000038   Code   RO          514    i.MX_USART1_UART_Init  usart.o
    0x080025e4   0x080025e4   0x00000038   Code   RO          515    i.MX_USART2_UART_Init  usart.o
    0x0800261c   0x0800261c   0x00000038   Code   RO          516    i.MX_USART3_UART_Init  usart.o
    0x08002654   0x08002654   0x00000002   Code   RO          595    i.MemManage_Handler  stm32f1xx_it.o
    0x08002656   0x08002656   0x00000002   Code   RO          596    i.NMI_Handler       stm32f1xx_it.o
    0x08002658   0x08002658   0x00000002   Code   RO          597    i.PendSV_Handler    stm32f1xx_it.o
    0x0800265a   0x0800265a   0x00000002   Code   RO          598    i.RCC_IRQHandler    stm32f1xx_it.o
    0x0800265c   0x0800265c   0x00000012   Code   RO         1820    i.RTC_Bcd2ToByte    stm32f1xx_hal_rtc.o
    0x0800266e   0x0800266e   0x00000016   Code   RO         1821    i.RTC_ByteToBcd2    stm32f1xx_hal_rtc.o
    0x08002684   0x08002684   0x000000ae   Code   RO         1822    i.RTC_DateUpdate    stm32f1xx_hal_rtc.o
    0x08002732   0x08002732   0x00000034   Code   RO         1823    i.RTC_EnterInitMode  stm32f1xx_hal_rtc.o
    0x08002766   0x08002766   0x00000002   PAD
    0x08002768   0x08002768   0x00000036   Code   RO         1824    i.RTC_ExitInitMode  stm32f1xx_hal_rtc.o
    0x0800279e   0x0800279e   0x00000002   PAD
    0x080027a0   0x080027a0   0x0000000c   Code   RO          599    i.RTC_IRQHandler    stm32f1xx_it.o
    0x080027ac   0x080027ac   0x0000000e   Code   RO         1825    i.RTC_ReadAlarmCounter  stm32f1xx_hal_rtc.o
    0x080027ba   0x080027ba   0x00000020   Code   RO         1826    i.RTC_ReadTimeCounter  stm32f1xx_hal_rtc.o
    0x080027da   0x080027da   0x00000056   Code   RO         1827    i.RTC_WeekDayNum    stm32f1xx_hal_rtc.o
    0x08002830   0x08002830   0x00000028   Code   RO         1828    i.RTC_WriteAlarmCounter  stm32f1xx_hal_rtc.o
    0x08002858   0x08002858   0x00000028   Code   RO         1829    i.RTC_WriteTimeCounter  stm32f1xx_hal_rtc.o
    0x08002880   0x08002880   0x00000060   Code   RO         3772    i.Read_Lora_ID      user.o
    0x080028e0   0x080028e0   0x00000194   Code   RO         3773    i.SDCardLogInit     user.o
    0x08002a74   0x08002a74   0x00000018   Code   RO         3890    i.SD_CS             sddriver.o
    0x08002a8c   0x08002a8c   0x0000002e   Code   RO         3892    i.SD_GETCSD         sddriver.o
    0x08002aba   0x08002aba   0x0000006e   Code   RO         3893    i.SD_GetSectorCount  sddriver.o
    0x08002b28   0x08002b28   0x00000070   Code   RO         3894    i.SD_ReadDisk       sddriver.o
    0x08002b98   0x08002b98   0x00000040   Code   RO         3895    i.SD_ReceiveData    sddriver.o
    0x08002bd8   0x08002bd8   0x0000005a   Code   RO         3896    i.SD_SendBlock      sddriver.o
    0x08002c32   0x08002c32   0x00000002   PAD
    0x08002c34   0x08002c34   0x0000003c   Code   RO         3774    i.SD_Write          user.o
    0x08002c70   0x08002c70   0x00000088   Code   RO         3897    i.SD_WriteDisk      sddriver.o
    0x08002cf8   0x08002cf8   0x0000015c   Code   RO         3898    i.SD_init           sddriver.o
    0x08002e54   0x08002e54   0x00000088   Code   RO         3899    i.SD_sendcmd        sddriver.o
    0x08002edc   0x08002edc   0x00000020   Code   RO         2124    i.SPI_EndRxTxTransaction  stm32f1xx_hal_spi.o
    0x08002efc   0x08002efc   0x000000b8   Code   RO         2129    i.SPI_WaitFlagStateUntilTimeout  stm32f1xx_hal_spi.o
    0x08002fb4   0x08002fb4   0x00000034   Code   RO         3900    i.SPI_setspeed      sddriver.o
    0x08002fe8   0x08002fe8   0x00000002   Code   RO          600    i.SVC_Handler       stm32f1xx_it.o
    0x08002fea   0x08002fea   0x00000004   Code   RO          601    i.SysTick_Handler   stm32f1xx_it.o
    0x08002fee   0x08002fee   0x00000080   Code   RO           14    i.SystemClock_Config  main.o
    0x0800306e   0x0800306e   0x00000002   Code   RO         3728    i.SystemInit        system_stm32f1xx.o
    0x08003070   0x08003070   0x0000000c   Code   RO          602    i.TIM3_IRQHandler   stm32f1xx_it.o
    0x0800307c   0x0800307c   0x0000006c   Code   RO         2492    i.TIM_Base_SetConfig  stm32f1xx_hal_tim.o
    0x080030e8   0x080030e8   0x00000014   Code   RO         2503    i.TIM_ETR_SetConfig  stm32f1xx_hal_tim.o
    0x080030fc   0x080030fc   0x00000010   Code   RO         2504    i.TIM_ITRx_SetConfig  stm32f1xx_hal_tim.o
    0x0800310c   0x0800310c   0x00000022   Code   RO         2510    i.TIM_TI1_ConfigInputStage  stm32f1xx_hal_tim.o
    0x0800312e   0x0800312e   0x00000024   Code   RO         2512    i.TIM_TI2_ConfigInputStage  stm32f1xx_hal_tim.o
    0x08003152   0x08003152   0x00000010   Code   RO         3412    i.UART_DMAAbortOnError  stm32f1xx_hal_uart.o
    0x08003162   0x08003162   0x0000004a   Code   RO         3413    i.UART_DMAError     stm32f1xx_hal_uart.o
    0x080031ac   0x080031ac   0x0000005a   Code   RO         3414    i.UART_DMAReceiveCplt  stm32f1xx_hal_uart.o
    0x08003206   0x08003206   0x0000001a   Code   RO         3416    i.UART_DMARxHalfCplt  stm32f1xx_hal_uart.o
    0x08003220   0x08003220   0x0000002e   Code   RO         3418    i.UART_DMATransmitCplt  stm32f1xx_hal_uart.o
    0x0800324e   0x0800324e   0x0000000a   Code   RO         3420    i.UART_DMATxHalfCplt  stm32f1xx_hal_uart.o
    0x08003258   0x08003258   0x00000030   Code   RO         3422    i.UART_EndRxTransfer  stm32f1xx_hal_uart.o
    0x08003288   0x08003288   0x00000012   Code   RO         3423    i.UART_EndTxTransfer  stm32f1xx_hal_uart.o
    0x0800329a   0x0800329a   0x000000b6   Code   RO         3424    i.UART_Receive_IT   stm32f1xx_hal_uart.o
    0x08003350   0x08003350   0x000000b8   Code   RO         3425    i.UART_SetConfig    stm32f1xx_hal_uart.o
    0x08003408   0x08003408   0x00000070   Code   RO         3426    i.UART_Start_Receive_DMA  stm32f1xx_hal_uart.o
    0x08003478   0x08003478   0x00000064   Code   RO         3428    i.UART_WaitOnFlagUntilTimeout  stm32f1xx_hal_uart.o
    0x080034dc   0x080034dc   0x00000070   Code   RO         3775    i.USAR2_Pack_Transmit  user.o
    0x0800354c   0x0800354c   0x00000084   Code   RO         3776    i.USAR2_Transmit    user.o
    0x080035d0   0x080035d0   0x00000014   Code   RO         3777    i.USAR3_Transmit    user.o
    0x080035e4   0x080035e4   0x00000060   Code   RO          603    i.USART1_IRQHandler  stm32f1xx_it.o
    0x08003644   0x08003644   0x00000068   Code   RO          604    i.USART2_IRQHandler  stm32f1xx_it.o
    0x080036ac   0x080036ac   0x00000114   Code   RO         3778    i.USART2_Rx_Analysis  user.o
    0x080037c0   0x080037c0   0x00000048   Code   RO          605    i.USART3_IRQHandler  stm32f1xx_it.o
    0x08003808   0x08003808   0x00000020   Code   RO         3779    i.USART3_Rx_Analysis  user.o
    0x08003828   0x08003828   0x00000020   Code   RO          261    i.USER_initialize   user_diskio.o
    0x08003848   0x08003848   0x0000004e   Code   RO          262    i.USER_ioctl        user_diskio.o
    0x08003896   0x08003896   0x00000022   Code   RO          263    i.USER_read         user_diskio.o
    0x080038b8   0x080038b8   0x00000014   Code   RO          264    i.USER_status       user_diskio.o
    0x080038cc   0x080038cc   0x00000022   Code   RO          265    i.USER_write        user_diskio.o
    0x080038ee   0x080038ee   0x00000002   Code   RO          606    i.UsageFault_Handler  stm32f1xx_it.o
    0x080038f0   0x080038f0   0x000001a4   Code   RO         3780    i.UserLoop          user.o
    0x08003a94   0x08003a94   0x00000020   Code   RO         4715    i.__0printf$8       mc_w.l(printf8.o)
    0x08003ab4   0x08003ab4   0x00000028   Code   RO         4717    i.__0sprintf$8      mc_w.l(printf8.o)
    0x08003adc   0x08003adc   0x00000020   Code   RO         1286    i.__NVIC_SetPriority  stm32f1xx_hal_cortex.o
    0x08003afc   0x08003afc   0x0000000e   Code   RO         4838    i.__scatterload_copy  mc_w.l(handlers.o)
    0x08003b0a   0x08003b0a   0x00000002   Code   RO         4839    i.__scatterload_null  mc_w.l(handlers.o)
    0x08003b0c   0x08003b0c   0x0000000e   Code   RO         4840    i.__scatterload_zeroinit  mc_w.l(handlers.o)
    0x08003b1a   0x08003b1a   0x00000002   PAD
    0x08003b1c   0x08003b1c   0x00000410   Code   RO         4722    i._printf_core      mc_w.l(printf8.o)
    0x08003f2c   0x08003f2c   0x00000024   Code   RO         4723    i._printf_post_padding  mc_w.l(printf8.o)
    0x08003f50   0x08003f50   0x0000002e   Code   RO         4724    i._printf_pre_padding  mc_w.l(printf8.o)
    0x08003f7e   0x08003f7e   0x0000000a   Code   RO         4726    i._sputc            mc_w.l(printf8.o)
    0x08003f88   0x08003f88   0x00000060   Code   RO         4047    i.check_fs          ff.o
    0x08003fe8   0x08003fe8   0x00000010   Code   RO         4048    i.chk_chr           ff.o
    0x08003ff8   0x08003ff8   0x0000006c   Code   RO         4049    i.chk_lock          ff.o
    0x08004064   0x08004064   0x00000024   Code   RO         4050    i.clear_lock        ff.o
    0x08004088   0x08004088   0x0000002a   Code   RO         4051    i.clmt_clust        ff.o
    0x080040b2   0x080040b2   0x0000001e   Code   RO         4052    i.clust2sect        ff.o
    0x080040d0   0x080040d0   0x000000b0   Code   RO         4053    i.create_chain      ff.o
    0x08004180   0x08004180   0x00000204   Code   RO         4054    i.create_name       ff.o
    0x08004384   0x08004384   0x00000144   Code   RO         4056    i.dir_find          ff.o
    0x080044c8   0x080044c8   0x0000011e   Code   RO         4057    i.dir_next          ff.o
    0x080045e6   0x080045e6   0x00000002   PAD
    0x080045e8   0x080045e8   0x000001d0   Code   RO         4059    i.dir_register      ff.o
    0x080047b8   0x080047b8   0x00000098   Code   RO         4061    i.dir_sdi           ff.o
    0x08004850   0x08004850   0x00000028   Code   RO         3992    i.disk_initialize   diskio.o
    0x08004878   0x08004878   0x0000001c   Code   RO         3993    i.disk_ioctl        diskio.o
    0x08004894   0x08004894   0x0000001c   Code   RO         3994    i.disk_read         diskio.o
    0x080048b0   0x080048b0   0x00000018   Code   RO         3995    i.disk_status       diskio.o
    0x080048c8   0x080048c8   0x0000001c   Code   RO         3996    i.disk_write        diskio.o
    0x080048e4   0x080048e4   0x00000284   Code   RO         4067    i.f_lseek           ff.o
    0x08004b68   0x08004b68   0x0000005c   Code   RO         4070    i.f_mount           ff.o
    0x08004bc4   0x08004bc4   0x000001ac   Code   RO         4071    i.f_open            ff.o
    0x08004d70   0x08004d70   0x000000b8   Code   RO         4080    i.f_sync            ff.o
    0x08004e28   0x08004e28   0x000001d6   Code   RO         4084    i.f_write           ff.o
    0x08004ffe   0x08004ffe   0x00000002   PAD
    0x08005000   0x08005000   0x00000038   Code   RO         4464    i.ff_convert        ccsbcs.o
    0x08005038   0x08005038   0x00000024   Code   RO         4465    i.ff_wtoupper       ccsbcs.o
    0x0800505c   0x0800505c   0x00000258   Code   RO         4085    i.find_volume       ff.o
    0x080052b4   0x080052b4   0x00000072   Code   RO         4086    i.follow_path       ff.o
    0x08005326   0x08005326   0x00000002   PAD
    0x08005328   0x08005328   0x00000018   Code   RO          518    i.fputc             usart.o
    0x08005340   0x08005340   0x00000050   Code   RO         4769    i.free              mc_w.l(malloc.o)
    0x08005390   0x08005390   0x00000080   Code   RO         4087    i.gen_numname       ff.o
    0x08005410   0x08005410   0x000000c2   Code   RO         4088    i.get_fat           ff.o
    0x080054d2   0x080054d2   0x00000004   Code   RO          319    i.get_fattime       fatfs.o
    0x080054d6   0x080054d6   0x0000003c   Code   RO         4090    i.get_ldnumber      ff.o
    0x08005512   0x08005512   0x00000002   PAD
    0x08005514   0x08005514   0x000000a0   Code   RO         4091    i.inc_lock          ff.o
    0x080055b4   0x080055b4   0x00000014   Code   RO         4092    i.ld_clust          ff.o
    0x080055c8   0x080055c8   0x000001a0   Code   RO           15    i.main              main.o
    0x08005768   0x08005768   0x0000006c   Code   RO         4770    i.malloc            mc_w.l(malloc.o)
    0x080057d4   0x080057d4   0x00000012   Code   RO         4093    i.mem_cpy           ff.o
    0x080057e6   0x080057e6   0x0000000e   Code   RO         4094    i.mem_set           ff.o
    0x080057f4   0x080057f4   0x00000036   Code   RO         4095    i.move_window       ff.o
    0x0800582a   0x0800582a   0x000000f8   Code   RO         4096    i.put_fat           ff.o
    0x08005922   0x08005922   0x0000006e   Code   RO         4098    i.remove_chain      ff.o
    0x08005990   0x08005990   0x00000020   Code   RO         3901    i.spi_readwrite     sddriver.o
    0x080059b0   0x080059b0   0x00000010   Code   RO         4099    i.st_clust          ff.o
    0x080059c0   0x080059c0   0x0000001a   Code   RO         4100    i.sum_sfn           ff.o
    0x080059da   0x080059da   0x000000b6   Code   RO         4101    i.sync_fs           ff.o
    0x08005a90   0x08005a90   0x00000060   Code   RO         4102    i.sync_window       ff.o
    0x08005af0   0x08005af0   0x0000002c   Code   RO         4103    i.validate          ff.o
    0x08005b1c   0x08005b1c   0x00000010   Data   RO         3729    .constdata          system_stm32f1xx.o
    0x08005b2c   0x08005b2c   0x00000008   Data   RO         3730    .constdata          system_stm32f1xx.o
    0x08005b34   0x08005b34   0x000000ba   Data   RO         4105    .constdata          ff.o
    0x08005bee   0x08005bee   0x000004c0   Data   RO         4466    .constdata          ccsbcs.o
    0x080060ae   0x080060ae   0x00000002   PAD
    0x080060b0   0x080060b0   0x00000020   Data   RO         4836    Region$$Table       anon$$obj.o


    Execution Region RW_IRAM1 (Exec base: 0x20000000, Load base: 0x080060d0, Size: 0x00003e70, Max: 0x0000c000, ABSOLUTE, COMPRESSED[0x00000068])

    Exec Addr    Load Addr    Size         Type   Attr      Idx    E Section Name        Object

    0x20000000   COMPRESSED   0x00000014   Data   RW          266    .data               user_diskio.o
    0x20000014   COMPRESSED   0x00000005   Data   RW          322    .data               fatfs.o
    0x20000019   COMPRESSED   0x00000003   PAD
    0x2000001c   COMPRESSED   0x00000004   Data   RW          520    .data               usart.o
    0x20000020   COMPRESSED   0x0000000c   Data   RW          823    .data               stm32f1xx_hal.o
    0x2000002c   COMPRESSED   0x00000004   Data   RW         3731    .data               system_stm32f1xx.o
    0x20000030   COMPRESSED   0x00000c90   Data   RW         3782    .data               user.o
    0x20000cc0   COMPRESSED   0x00000002   Data   RW         3903    .data               sddriver.o
    0x20000cc2   COMPRESSED   0x00000002   PAD
    0x20000cc4   COMPRESSED   0x00000008   Data   RW         4106    .data               ff.o
    0x20000ccc   COMPRESSED   0x00000004   Data   RW         4815    .data               mc_w.l(mvars.o)
    0x20000cd0   COMPRESSED   0x00000004   Data   RW         4816    .data               mc_w.l(mvars.o)
    0x20000cd4        -       0x00000014   Zero   RW          389    .bss                rtc.o
    0x20000ce8        -       0x00000058   Zero   RW          431    .bss                spi.o
    0x20000d40        -       0x00000048   Zero   RW          473    .bss                tim.o
    0x20000d88        -       0x00000264   Zero   RW          519    .bss                usart.o
    0x20000fec        -       0x0000045c   Zero   RW         3781    .bss                user.o
    0x20001448        -       0x00000018   Zero   RW         4104    .bss                ff.o
    0x20001460        -       0x0000000c   Zero   RW         4388    .bss                ff_gen_drv.o
    0x2000146c   COMPRESSED   0x00000004   PAD
    0x20001470        -       0x00000800   Zero   RW            2    HEAP                startup_stm32f103xb.o
    0x20001c70        -       0x00002200   Zero   RW            1    STACK               startup_stm32f103xb.o


==============================================================================

Image component sizes


      Code (inc. data)   RO Data    RW Data    ZI Data      Debug   Object Name

        92         12       1216          0          0       1911   ccsbcs.o
       148         22          0          0          0       3481   diskio.o
       124          4          0          0          0        742   dma.o
        32         10          0          5          0       1380   fatfs.o
      6148         82        186          8         24      36162   ff.o
        70          4          0          0         12       1531   ff_gen_drv.o
       172         12          0          0          0        875   gpio.o
       548        168          0          0          0     446716   main.o
       224         26          0          0         20       1587   rtc.o
      1150         40          0          2          0       9857   sddriver.o
       184         24          0          0         88       1541   spi.o
        36          8        236          0      10752        784   startup_stm32f103xb.o
       164         28          0         12          0       5753   stm32f1xx_hal.o
       198         14          0          0          0      28839   stm32f1xx_hal_cortex.o
       808         36          0          0          0       4866   stm32f1xx_hal_dma.o
       506         34          0          0          0       3429   stm32f1xx_hal_gpio.o
        84         10          0          0          0        818   stm32f1xx_hal_msp.o
        12          4          0          0          0        495   stm32f1xx_hal_pwr.o
      1272        100          0          0          0       5092   stm32f1xx_hal_rcc.o
       436         46          0          0          0       2477   stm32f1xx_hal_rcc_ex.o
      1412         14          0          0          0      12412   stm32f1xx_hal_rtc.o
        64          0          0          0          0       1528   stm32f1xx_hal_rtc_ex.o
       876          4          0          0          0       4613   stm32f1xx_hal_spi.o
       972         26          0          0          0       9417   stm32f1xx_hal_tim.o
       108         12          0          0          0       2305   stm32f1xx_hal_tim_ex.o
      1976         38          0          0          0      16711   stm32f1xx_hal_uart.o
       390         96          0          0          0       9696   stm32f1xx_it.o
         0          0          0          0          0        504   syscall.o
         2          0         24          4          0       1039   system_stm32f1xx.o
       164         20          0          0         72       1550   tim.o
       848         68          0          4        612       5774   usart.o
      1846        460          0       3216       1116      11248   user.o
       198          0          0         20          0       3712   user_diskio.o

    ----------------------------------------------------------------------
     21304       1422       1696       3276      12700     638845   Object Totals
         0          0         32          0          0          0   (incl. Generated)
        40          0          2          5          4          0   (incl. Padding)

    ----------------------------------------------------------------------

      Code (inc. data)   RO Data    RW Data    ZI Data      Debug   Library Member Name

        58          0          0          0          0          0   __dczerorl.o
         0          0          0          0          0          0   entry.o
         0          0          0          0          0          0   entry10a.o
         0          0          0          0          0          0   entry11a.o
         8          4          0          0          0          0   entry2.o
         4          0          0          0          0          0   entry5.o
         0          0          0          0          0          0   entry7b.o
         0          0          0          0          0          0   entry8b.o
         8          4          0          0          0          0   entry9a.o
        30          0          0          0          0          0   handlers.o
        36          8          0          0          0         68   init.o
        30          0          0          0          0         68   llshl.o
        32          0          0          0          0         68   llushr.o
       188         20          0          0          0        160   malloc.o
        36          0          0          0          0         68   memcpya.o
        36          0          0          0          0        108   memseta.o
         0          0          0          8          0          0   mvars.o
      1204         60          0          0          0        504   printf8.o
        14          0          0          0          0         68   strlen.o
        98          0          0          0          0         92   uldiv.o

    ----------------------------------------------------------------------
      1784         96          0          8          0       1204   Library Totals
         2          0          0          0          0          0   (incl. Padding)

    ----------------------------------------------------------------------

      Code (inc. data)   RO Data    RW Data    ZI Data      Debug   Library Name

      1782         96          0          8          0       1204   mc_w.l

    ----------------------------------------------------------------------
      1784         96          0          8          0       1204   Library Totals

    ----------------------------------------------------------------------

==============================================================================


      Code (inc. data)   RO Data    RW Data    ZI Data      Debug   

     23088       1518       1696       3284      12700     629309   Grand Totals
     23088       1518       1696        104      12700     629309   ELF Image Totals (compressed)
     23088       1518       1696        104          0          0   ROM Totals

==============================================================================

    Total RO  Size (Code + RO Data)                24784 (  24.20kB)
    Total RW  Size (RW Data + ZI Data)             15984 (  15.61kB)
    Total ROM Size (Code + RO Data + RW Data)      24888 (  24.30kB)

==============================================================================

